Archive member included to satisfy reference by file (symbol)

/Applications/STM32CubeIDE.app/Contents/Eclipse/plugins/com.st.stm32cube.ide.mcu.externaltools.gnu-tools-for-stm32.12.3.rel1.macos64_1.0.100.202403111906/tools/bin/../lib/gcc/arm-none-eabi/12.3.1/../../../../arm-none-eabi/lib/thumb/v7e-m+fp/hard/libc_nano.a(libc_a-exit.o)
                              /Applications/STM32CubeIDE.app/Contents/Eclipse/plugins/com.st.stm32cube.ide.mcu.externaltools.gnu-tools-for-stm32.12.3.rel1.macos64_1.0.100.202403111906/tools/bin/../lib/gcc/arm-none-eabi/12.3.1/../../../../arm-none-eabi/lib/thumb/v7e-m+fp/hard/crt0.o (exit)
/Applications/STM32CubeIDE.app/Contents/Eclipse/plugins/com.st.stm32cube.ide.mcu.externaltools.gnu-tools-for-stm32.12.3.rel1.macos64_1.0.100.202403111906/tools/bin/../lib/gcc/arm-none-eabi/12.3.1/../../../../arm-none-eabi/lib/thumb/v7e-m+fp/hard/libc_nano.a(libc_a-findfp.o)
                              /Applications/STM32CubeIDE.app/Contents/Eclipse/plugins/com.st.stm32cube.ide.mcu.externaltools.gnu-tools-for-stm32.12.3.rel1.macos64_1.0.100.202403111906/tools/bin/../lib/gcc/arm-none-eabi/12.3.1/../../../../arm-none-eabi/lib/thumb/v7e-m+fp/hard/libc_nano.a(libc_a-exit.o) (__stdio_exit_handler)
/Applications/STM32CubeIDE.app/Contents/Eclipse/plugins/com.st.stm32cube.ide.mcu.externaltools.gnu-tools-for-stm32.12.3.rel1.macos64_1.0.100.202403111906/tools/bin/../lib/gcc/arm-none-eabi/12.3.1/../../../../arm-none-eabi/lib/thumb/v7e-m+fp/hard/libc_nano.a(libc_a-fwalk.o)
                              /Applications/STM32CubeIDE.app/Contents/Eclipse/plugins/com.st.stm32cube.ide.mcu.externaltools.gnu-tools-for-stm32.12.3.rel1.macos64_1.0.100.202403111906/tools/bin/../lib/gcc/arm-none-eabi/12.3.1/../../../../arm-none-eabi/lib/thumb/v7e-m+fp/hard/libc_nano.a(libc_a-findfp.o) (_fwalk_sglue)
/Applications/STM32CubeIDE.app/Contents/Eclipse/plugins/com.st.stm32cube.ide.mcu.externaltools.gnu-tools-for-stm32.12.3.rel1.macos64_1.0.100.202403111906/tools/bin/../lib/gcc/arm-none-eabi/12.3.1/../../../../arm-none-eabi/lib/thumb/v7e-m+fp/hard/libc_nano.a(libc_a-memset.o)
                              /Applications/STM32CubeIDE.app/Contents/Eclipse/plugins/com.st.stm32cube.ide.mcu.externaltools.gnu-tools-for-stm32.12.3.rel1.macos64_1.0.100.202403111906/tools/bin/../lib/gcc/arm-none-eabi/12.3.1/../../../../arm-none-eabi/lib/thumb/v7e-m+fp/hard/crt0.o (memset)
/Applications/STM32CubeIDE.app/Contents/Eclipse/plugins/com.st.stm32cube.ide.mcu.externaltools.gnu-tools-for-stm32.12.3.rel1.macos64_1.0.100.202403111906/tools/bin/../lib/gcc/arm-none-eabi/12.3.1/../../../../arm-none-eabi/lib/thumb/v7e-m+fp/hard/libc_nano.a(libc_a-impure.o)
                              /Applications/STM32CubeIDE.app/Contents/Eclipse/plugins/com.st.stm32cube.ide.mcu.externaltools.gnu-tools-for-stm32.12.3.rel1.macos64_1.0.100.202403111906/tools/bin/../lib/gcc/arm-none-eabi/12.3.1/../../../../arm-none-eabi/lib/thumb/v7e-m+fp/hard/libc_nano.a(libc_a-findfp.o) (_impure_data)
/Applications/STM32CubeIDE.app/Contents/Eclipse/plugins/com.st.stm32cube.ide.mcu.externaltools.gnu-tools-for-stm32.12.3.rel1.macos64_1.0.100.202403111906/tools/bin/../lib/gcc/arm-none-eabi/12.3.1/../../../../arm-none-eabi/lib/thumb/v7e-m+fp/hard/libc_nano.a(libc_a-init.o)
                              /Applications/STM32CubeIDE.app/Contents/Eclipse/plugins/com.st.stm32cube.ide.mcu.externaltools.gnu-tools-for-stm32.12.3.rel1.macos64_1.0.100.202403111906/tools/bin/../lib/gcc/arm-none-eabi/12.3.1/../../../../arm-none-eabi/lib/thumb/v7e-m+fp/hard/crt0.o (__libc_init_array)
/Applications/STM32CubeIDE.app/Contents/Eclipse/plugins/com.st.stm32cube.ide.mcu.externaltools.gnu-tools-for-stm32.12.3.rel1.macos64_1.0.100.202403111906/tools/bin/../lib/gcc/arm-none-eabi/12.3.1/../../../../arm-none-eabi/lib/thumb/v7e-m+fp/hard/libc_nano.a(libc_a-lock.o)
                              /Applications/STM32CubeIDE.app/Contents/Eclipse/plugins/com.st.stm32cube.ide.mcu.externaltools.gnu-tools-for-stm32.12.3.rel1.macos64_1.0.100.202403111906/tools/bin/../lib/gcc/arm-none-eabi/12.3.1/../../../../arm-none-eabi/lib/thumb/v7e-m+fp/hard/libc_nano.a(libc_a-findfp.o) (__retarget_lock_init_recursive)
/Applications/STM32CubeIDE.app/Contents/Eclipse/plugins/com.st.stm32cube.ide.mcu.externaltools.gnu-tools-for-stm32.12.3.rel1.macos64_1.0.100.202403111906/tools/bin/../lib/gcc/arm-none-eabi/12.3.1/../../../../arm-none-eabi/lib/thumb/v7e-m+fp/hard/libc_nano.a(libc_a-memcpy-stub.o)
                              ./Core/Src/main.o (memcpy)
/Applications/STM32CubeIDE.app/Contents/Eclipse/plugins/com.st.stm32cube.ide.mcu.externaltools.gnu-tools-for-stm32.12.3.rel1.macos64_1.0.100.202403111906/tools/bin/../lib/gcc/arm-none-eabi/12.3.1/../../../../arm-none-eabi/lib/thumb/v7e-m+fp/hard/libc_nano.a(libc_a-strlen.o)
                              ./Core/Src/uart.o (strlen)
[...]
Memory Configuration

Name             Origin             Length             Attributes
RAM              0x20000000         0x00018000         xrw
RAM2             0x10000000         0x00008000         xrw
FLASH            0x08000000         0x00100000         xr
*default*        0x00000000         0xffffffff

Linker script and memory map

LOAD /Applications/STM32CubeIDE.app/Contents/Eclipse/plugins/com.st.stm32cube.ide.mcu.externaltools.gnu-tools-for-stm32.12.3.rel1.macos64_1.0.100.202403111906/tools/bin/../lib/gcc/arm-none-eabi/12.3.1/thumb/v7e-m+fp/hard/crti.o
LOAD /Applications/STM32CubeIDE.app/Contents/Eclipse/plugins/com.st.stm32cube.ide.mcu.externaltools.gnu-tools-for-stm32.12.3.rel1.macos64_1.0.100.202403111906/tools/bin/../lib/gcc/arm-none-eabi/12.3.1/thumb/v7e-m+fp/hard/crtbegin.o
LOAD /Applications/STM32CubeIDE.app/Contents/Eclipse/plugins/com.st.stm32cube.ide.mcu.externaltools.gnu-tools-for-stm32.12.3.rel1.macos64_1.0.100.202403111906/tools/bin/../lib/gcc/arm-none-eabi/12.3.1/../../../../arm-none-eabi/lib/thumb/v7e-m+fp/hard/crt0.o
LOAD ./Core/Src/32x32.o
LOAD ./Core/Src/freertos.o
LOAD ./Core/Src/main.o
LOAD ./Core/Src/stm32l4xx_hal_msp.o
LOAD ./Core/Src/stm32l4xx_it.o
LOAD ./Core/Src/syscalls.o
LOAD ./Core/Src/sysmem.o
LOAD ./Core/Src/system_stm32l4xx.o
LOAD ./Core/Src/uart.o
LOAD ./Core/Src/user_button.o
LOAD ./Core/Startup/startup_stm32l476rgtx.o
LOAD ./Drivers/STM32L4xx_HAL_Driver/stm32l4xx_hal.o
LOAD ./Drivers/STM32L4xx_HAL_Driver/stm32l4xx_hal_cortex.o
LOAD ./Drivers/STM32L4xx_HAL_Driver/stm32l4xx_hal_dma.o
LOAD ./Drivers/STM32L4xx_HAL_Driver/stm32l4xx_hal_dma_ex.o
LOAD ./Drivers/STM32L4xx_HAL_Driver/stm32l4xx_hal_exti.o
LOAD ./Drivers/STM32L4xx_HAL_Driver/stm32l4xx_hal_flash.o
LOAD ./Drivers/STM32L4xx_HAL_Driver/stm32l4xx_hal_flash_ex.o
LOAD ./Drivers/STM32L4xx_HAL_Driver/stm32l4xx_hal_flash_ramfunc.o
LOAD ./Drivers/STM32L4xx_HAL_Driver/stm32l4xx_hal_gpio.o
LOAD ./Drivers/STM32L4xx_HAL_Driver/stm32l4xx_hal_i2c.o
LOAD ./Drivers/STM32L4xx_HAL_Driver/stm32l4xx_hal_i2c_ex.o
LOAD ./Drivers/STM32L4xx_HAL_Driver/stm32l4xx_hal_pwr.o
LOAD ./Drivers/STM32L4xx_HAL_Driver/stm32l4xx_hal_pwr_ex.o
LOAD ./Drivers/STM32L4xx_HAL_Driver/stm32l4xx_hal_rcc.o
LOAD ./Drivers/STM32L4xx_HAL_Driver/stm32l4xx_hal_rcc_ex.o
LOAD ./Drivers/STM32L4xx_HAL_Driver/stm32l4xx_hal_spi.o
LOAD ./Drivers/STM32L4xx_HAL_Driver/stm32l4xx_hal_spi_ex.o
LOAD ./Drivers/STM32L4xx_HAL_Driver/stm32l4xx_hal_tim.o
LOAD ./Drivers/STM32L4xx_HAL_Driver/stm32l4xx_hal_tim_ex.o
LOAD ./Middlewares/FreeRTOS/cmsis_os.o
LOAD ./Middlewares/FreeRTOS/croutine.o
LOAD ./Middlewares/FreeRTOS/event_groups.o
LOAD ./Middlewares/FreeRTOS/heap_4.o
LOAD ./Middlewares/FreeRTOS/list.o
LOAD ./Middlewares/FreeRTOS/port.o
LOAD ./Middlewares/FreeRTOS/queue.o
LOAD ./Middlewares/FreeRTOS/stream_buffer.o
LOAD ./Middlewares/FreeRTOS/tasks.o
LOAD ./Middlewares/FreeRTOS/timers.o
LOAD /Users/noahmasten/STM32CubeIDE/workspace2/32x32_L476/Drivers/CMSIS/Lib/GCC/libarm_cortexM4lf_math.a
START GROUP
LOAD /Applications/STM32CubeIDE.app/Contents/Eclipse/plugins/com.st.stm32cube.ide.mcu.externaltools.gnu-tools-for-stm32.12.3.rel1.macos64_1.0.100.202403111906/tools/bin/../lib/gcc/arm-none-eabi/12.3.1/../../../../arm-none-eabi/lib/thumb/v7e-m+fp/hard/libc_nano.a
LOAD /Applications/STM32CubeIDE.app/Contents/Eclipse/plugins/com.st.stm32cube.ide.mcu.externaltools.gnu-tools-for-stm32.12.3.rel1.macos64_1.0.100.202403111906/tools/bin/../lib/gcc/arm-none-eabi/12.3.1/../../../../arm-none-eabi/lib/thumb/v7e-m+fp/hard/libm.a
END GROUP
START GROUP
LOAD /Applications/STM32CubeIDE.app/Contents/Eclipse/plugins/com.st.stm32cube.ide.mcu.externaltools.gnu-tools-for-stm32.12.3.rel1.macos64_1.0.100.202403111906/tools/bin/../lib/gcc/arm-none-eabi/12.3.1/thumb/v7e-m+fp/hard/libgcc.a
LOAD /Applications/STM32CubeIDE.app/Contents/Eclipse/plugins/com.st.stm32cube.ide.mcu.externaltools.gnu-tools-for-stm32.12.3.rel1.macos64_1.0.100.202403111906/tools/bin/../lib/gcc/arm-none-eabi/12.3.1/../../../../arm-none-eabi/lib/thumb/v7e-m+fp/hard/libc_nano.a
END GROUP
START GROUP
LOAD /Applications/STM32CubeIDE.app/Contents/Eclipse/plugins/com.st.stm32cube.ide.mcu.externaltools.gnu-tools-for-stm32.12.3.rel1.macos64_1.0.100.202403111906/tools/bin/../lib/gcc/arm-none-eabi/12.3.1/thumb/v7e-m+fp/hard/libgcc.a
LOAD /Applications/STM32CubeIDE.app/Contents/Eclipse/plugins/com.st.stm32cube.ide.mcu.externaltools.gnu-tools-for-stm32.12.3.rel1.macos64_1.0.100.202403111906/tools/bin/../lib/gcc/arm-none-eabi/12.3.1/../../../../arm-none-eabi/lib/thumb/v7e-m+fp/hard/libc_nano.a
LOAD /Applications/STM32CubeIDE.app/Contents/Eclipse/plugins/com.st.stm32cube.ide.mcu.externaltools.gnu-tools-for-stm32.12.3.rel1.macos64_1.0.100.202403111906/tools/bin/../lib/gcc/arm-none-eabi/12.3.1/../../../../arm-none-eabi/lib/thumb/v7e-m+fp/hard/libnosys.a
END GROUP
START GROUP
LOAD /Applications/STM32CubeIDE.app/Contents/Eclipse/plugins/com.st.stm32cube.ide.mcu.externaltools.gnu-tools-for-stm32.12.3.rel1.macos64_1.0.100.202403111906/tools/bin/../lib/gcc/arm-none-eabi/12.3.1/thumb/v7e-m+fp/hard/libgcc.a
LOAD /Applications/STM32CubeIDE.app/Contents/Eclipse/plugins/com.st.stm32cube.ide.mcu.externaltools.gnu-tools-for-stm32.12.3.rel1.macos64_1.0.100.202403111906/tools/bin/../lib/gcc/arm-none-eabi/12.3.1/../../../../arm-none-eabi/lib/thumb/v7e-m+fp/hard/libc_nano.a
LOAD /Applications/STM32CubeIDE.app/Contents/Eclipse/plugins/com.st.stm32cube.ide.mcu.externaltools.gnu-tools-for-stm32.12.3.rel1.macos64_1.0.100.202403111906/tools/bin/../lib/gcc/arm-none-eabi/12.3.1/../../../../arm-none-eabi/lib/thumb/v7e-m+fp/hard/libnosys.a
END GROUP
LOAD /Applications/STM32CubeIDE.app/Contents/Eclipse/plugins/com.st.stm32cube.ide.mcu.externaltools.gnu-tools-for-stm32.12.3.rel1.macos64_1.0.100.202403111906/tools/bin/../lib/gcc/arm-none-eabi/12.3.1/thumb/v7e-m+fp/hard/crtend.o
LOAD /Applications/STM32CubeIDE.app/Contents/Eclipse/plugins/com.st.stm32cube.ide.mcu.externaltools.gnu-tools-for-stm32.12.3.rel1.macos64_1.0.100.202403111906/tools/bin/../lib/gcc/arm-none-eabi/12.3.1/thumb/v7e-m+fp/hard/crtn.o
                0x20018000                        _estack = (ORIGIN (RAM) + LENGTH (RAM))
                0x00000f00                        _Min_Heap_Size = 0xf00
                0x00000f00                        _Min_Stack_Size = 0xf00

.isr_vector     0x08000000      0x188
                0x08000000                        . = ALIGN (0x4)
 *(.isr_vector)
 .isr_vector    0x08000000      0x188 ./Core/Startup/startup_stm32l476rgtx.o
                0x08000000                g_pfnVectors
                0x08000188                        . = ALIGN (0x4)

.text           0x08000190     0x61e8
                0x08000190                        . = ALIGN (0x4)
 *(.text)
 .text          0x08000190       0x40 /Applications/STM32CubeIDE.app/Contents/Eclipse/plugins/com.st.stm32cube.ide.mcu.externaltools.gnu-tools-for-stm32.12.3.rel1.macos64_1.0.100.202403111906/tools/bin/../lib/gcc/arm-none-eabi/12.3.1/thumb/v7e-m+fp/hard/crtbegin.o
 .text          0x080001d0       0x10 /Applications/STM32CubeIDE.app/Contents/Eclipse/plugins/com.st.stm32cube.ide.mcu.externaltools.gnu-tools-for-stm32.12.3.rel1.macos64_1.0.100.202403111906/tools/bin/../lib/gcc/arm-none-eabi/12.3.1/../../../../arm-none-eabi/lib/thumb/v7e-m+fp/hard/libc_nano.a(libc_a-strlen.o)
                0x080001d0                strlen
 *(.text*)
 .text.set_pixel
                0x080001e0       0xf8 ./Core/Src/32x32.o
                0x080001e0                set_pixel
 .text.clear_led_matrix
                0x080002d8       0x74 ./Core/Src/32x32.o
                0x080002d8                clear_led_matrix
 .text.vApplicationGetIdleTaskMemory
                0x0800034c       0x34 ./Core/Src/freertos.o
                0x0800034c                vApplicationGetIdleTaskMemory
 .text.main     0x08000380      0x1ec ./Core/Src/main.o
                0x08000380                main
 .text.SystemClock_Config
                0x0800056c       0xa6 ./Core/Src/main.o
                0x0800056c                SystemClock_Config
 *fill*         0x08000612        0x2 
 .text.MX_SPI1_Init
                0x08000614       0x70 ./Core/Src/main.o
 .text.MX_TIM3_Init
                0x08000684       0x9c ./Core/Src/main.o
 .text.MX_DMA_Init
                0x08000720       0x3c ./Core/Src/main.o
 .text.MX_GPIO_Init
                0x0800075c       0xc0 ./Core/Src/main.o
 .text.HAL_SPI_TxCpltCallback
                0x0800081c       0x68 ./Core/Src/main.o
                0x0800081c                HAL_SPI_TxCpltCallback
 .text.bitline  0x08000884       0x72 ./Core/Src/main.o
                0x08000884                bitline
 *fill*         0x080008f6        0x2 
 .text.HAL_TIM_PeriodElapsedCallback
                0x080008f8       0x50 ./Core/Src/main.o
                0x080008f8                HAL_TIM_PeriodElapsedCallback
 .text.WriteLEDTask
                0x08000948      0x234 ./Core/Src/main.o
                0x08000948                WriteLEDTask
 .text.vSyncTask
                0x08000b7c       0x54 ./Core/Src/main.o
                0x08000b7c                vSyncTask
 .text.power_off
                0x08000bd0       0x2c ./Core/Src/main.o
                0x08000bd0                power_off
 .text.power_on
                0x08000bfc       0x18 ./Core/Src/main.o
                0x08000bfc                power_on
 .text.EXTI15_10_IRQHandler
                0x08000c14       0x4c ./Core/Src/main.o
                0x08000c14                EXTI15_10_IRQHandler
 .text.USART2_IRQHandler
                0x08000c60       0x64 ./Core/Src/main.o
                0x08000c60                USART2_IRQHandler
 .text.write_matrix
                0x08000cc4       0xe4 ./Core/Src/main.o
                0x08000cc4                write_matrix
 .text.Error_Handler
                0x08000da8        0xc ./Core/Src/main.o
                0x08000da8                Error_Handler
 .text.HAL_MspInit
                0x08000db4       0x50 ./Core/Src/stm32l4xx_hal_msp.o
                0x08000db4                HAL_MspInit
 .text.HAL_SPI_MspInit
                0x08000e04       0xf0 ./Core/Src/stm32l4xx_hal_msp.o
                0x08000e04                HAL_SPI_MspInit
 .text.HAL_TIM_Base_MspInit
                0x08000ef4       0x4c ./Core/Src/stm32l4xx_hal_msp.o
                0x08000ef4                HAL_TIM_Base_MspInit
 .text.SysTick_Handler
                0x08000f40        0xe ./Core/Src/stm32l4xx_it.o
                0x08000f40                SysTick_Handler
 *fill*         0x08000f4e        0x2 
 .text.TIM3_IRQHandler
                0x08000f50       0x14 ./Core/Src/stm32l4xx_it.o
                0x08000f50                TIM3_IRQHandler
 .text.SPI1_IRQHandler
                0x08000f64       0x14 ./Core/Src/stm32l4xx_it.o
                0x08000f64                SPI1_IRQHandler
 .text.DMA2_Channel4_IRQHandler
                0x08000f78       0x14 ./Core/Src/stm32l4xx_it.o
                0x08000f78                DMA2_Channel4_IRQHandler
 .text.SystemInit
                0x08000f8c       0x24 ./Core/Src/system_stm32l4xx.o
                0x08000f8c                SystemInit
 .text.UART_Init
                0x08000fb0       0xe4 ./Core/Src/uart.o
                0x08000fb0                UART_Init
 .text.UART_ESC_Code
                0x08001094       0x60 ./Core/Src/uart.o
                0x08001094                UART_ESC_Code
 .text.UART_Reset_Terminal
                0x080010f4       0x1c ./Core/Src/uart.o
                0x080010f4                UART_Reset_Terminal
 .text.__NVIC_EnableIRQ
                0x08001110       0x3c ./Core/Src/user_button.o
 .text.UserButton_Init
                0x0800114c       0x70 ./Core/Src/user_button.o
                0x0800114c                UserButton_Init
 .text.Reset_Handler
                0x080011bc       0x50 ./Core/Startup/startup_stm32l476rgtx.o
                0x080011bc                Reset_Handler
 .text.Default_Handler
                0x0800120c        0x2 ./Core/Startup/startup_stm32l476rgtx.o
                0x0800120c                TIM1_BRK_TIM15_IRQHandler
                0x0800120c                EXTI2_IRQHandler
                0x0800120c                TIM8_TRG_COM_IRQHandler
                0x0800120c                TIM8_CC_IRQHandler
                0x0800120c                DebugMon_Handler
                0x0800120c                TIM1_CC_IRQHandler
                0x0800120c                TSC_IRQHandler
                0x0800120c                HardFault_Handler
                0x0800120c                TAMP_STAMP_IRQHandler
                0x0800120c                NMI_Handler
                0x0800120c                EXTI3_IRQHandler
                0x0800120c                LPTIM2_IRQHandler
                0x0800120c                DFSDM1_FLT1_IRQHandler
                0x0800120c                I2C3_ER_IRQHandler
                0x0800120c                DFSDM1_FLT2_IRQHandler
                0x0800120c                EXTI0_IRQHandler
                0x0800120c                I2C2_EV_IRQHandler
                0x0800120c                CAN1_RX0_IRQHandler
                0x0800120c                FPU_IRQHandler
                0x0800120c                TIM1_UP_TIM16_IRQHandler
                0x0800120c                UsageFault_Handler
                0x0800120c                ADC1_2_IRQHandler
                0x0800120c                TIM6_DAC_IRQHandler
                0x0800120c                TIM8_UP_IRQHandler
                0x0800120c                DMA2_Channel2_IRQHandler
                0x0800120c                DMA1_Channel4_IRQHandler
                0x0800120c                SAI2_IRQHandler
                0x0800120c                DFSDM1_FLT3_IRQHandler
                0x0800120c                USART3_IRQHandler
                0x0800120c                DMA1_Channel7_IRQHandler
                0x0800120c                CAN1_RX1_IRQHandler
                0x0800120c                LCD_IRQHandler
                0x0800120c                UART5_IRQHandler
                0x0800120c                ADC3_IRQHandler
                0x0800120c                TIM4_IRQHandler
                0x0800120c                DMA2_Channel1_IRQHandler
                0x0800120c                QUADSPI_IRQHandler
                0x0800120c                I2C1_EV_IRQHandler
                0x0800120c                DMA1_Channel6_IRQHandler
                0x0800120c                UART4_IRQHandler
                0x0800120c                RCC_IRQHandler
                0x0800120c                DMA1_Channel1_IRQHandler
                0x0800120c                Default_Handler
                0x0800120c                DMA2_Channel7_IRQHandler
                0x0800120c                TIM7_IRQHandler
                0x0800120c                SDMMC1_IRQHandler
                0x0800120c                TIM5_IRQHandler
                0x0800120c                I2C3_EV_IRQHandler
                0x0800120c                EXTI9_5_IRQHandler
                0x0800120c                RTC_WKUP_IRQHandler
                0x0800120c                PVD_PVM_IRQHandler
                0x0800120c                SPI2_IRQHandler
                0x0800120c                MemManage_Handler
                0x0800120c                CAN1_TX_IRQHandler
                0x0800120c                DMA2_Channel5_IRQHandler
                0x0800120c                DMA1_Channel5_IRQHandler
                0x0800120c                EXTI4_IRQHandler
                0x0800120c                RNG_IRQHandler
                0x0800120c                TIM1_TRG_COM_TIM17_IRQHandler
                0x0800120c                DMA1_Channel3_IRQHandler
                0x0800120c                COMP_IRQHandler
                0x0800120c                WWDG_IRQHandler
                0x0800120c                LPUART1_IRQHandler
                0x0800120c                DMA2_Channel6_IRQHandler
                0x0800120c                TIM2_IRQHandler
                0x0800120c                EXTI1_IRQHandler
                0x0800120c                DFSDM1_FLT0_IRQHandler
                0x0800120c                I2C2_ER_IRQHandler
                0x0800120c                DMA1_Channel2_IRQHandler
                0x0800120c                TIM8_BRK_IRQHandler
                0x0800120c                CAN1_SCE_IRQHandler
                0x0800120c                FLASH_IRQHandler
                0x0800120c                BusFault_Handler
                0x0800120c                USART1_IRQHandler
                0x0800120c                OTG_FS_IRQHandler
                0x0800120c                SPI3_IRQHandler
                0x0800120c                I2C1_ER_IRQHandler
                0x0800120c                FMC_IRQHandler
                0x0800120c                SWPMI1_IRQHandler
                0x0800120c                LPTIM1_IRQHandler
                0x0800120c                SAI1_IRQHandler
                0x0800120c                DMA2_Channel3_IRQHandler
                0x0800120c                RTC_Alarm_IRQHandler
 .text.HAL_Init
                0x0800120e       0x30 ./Drivers/STM32L4xx_HAL_Driver/stm32l4xx_hal.o
                0x0800120e                HAL_Init
 *fill*         0x0800123e        0x2 
 .text.HAL_InitTick
                0x08001240       0x78 ./Drivers/STM32L4xx_HAL_Driver/stm32l4xx_hal.o
                0x08001240                HAL_InitTick
 .text.HAL_GetTick
                0x080012b8       0x18 ./Drivers/STM32L4xx_HAL_Driver/stm32l4xx_hal.o
                0x080012b8                HAL_GetTick
 .text.__NVIC_SetPriorityGrouping
                0x080012d0       0x48 ./Drivers/STM32L4xx_HAL_Driver/stm32l4xx_hal_cortex.o
 .text.__NVIC_GetPriorityGrouping
                0x08001318       0x1c ./Drivers/STM32L4xx_HAL_Driver/stm32l4xx_hal_cortex.o
 .text.__NVIC_EnableIRQ
                0x08001334       0x3c ./Drivers/STM32L4xx_HAL_Driver/stm32l4xx_hal_cortex.o
 .text.__NVIC_DisableIRQ
                0x08001370       0x48 ./Drivers/STM32L4xx_HAL_Driver/stm32l4xx_hal_cortex.o
 .text.__NVIC_SetPriority
                0x080013b8       0x54 ./Drivers/STM32L4xx_HAL_Driver/stm32l4xx_hal_cortex.o
 .text.NVIC_EncodePriority
                0x0800140c       0x66 ./Drivers/STM32L4xx_HAL_Driver/stm32l4xx_hal_cortex.o
 *fill*         0x08001472        0x2 
 .text.SysTick_Config
                0x08001474       0x44 ./Drivers/STM32L4xx_HAL_Driver/stm32l4xx_hal_cortex.o
 .text.HAL_NVIC_SetPriorityGrouping
                0x080014b8       0x16 ./Drivers/STM32L4xx_HAL_Driver/stm32l4xx_hal_cortex.o
                0x080014b8                HAL_NVIC_SetPriorityGrouping
 .text.HAL_NVIC_SetPriority
                0x080014ce       0x38 ./Drivers/STM32L4xx_HAL_Driver/stm32l4xx_hal_cortex.o
                0x080014ce                HAL_NVIC_SetPriority
 .text.HAL_NVIC_EnableIRQ
                0x08001506       0x1c ./Drivers/STM32L4xx_HAL_Driver/stm32l4xx_hal_cortex.o
                0x08001506                HAL_NVIC_EnableIRQ
 .text.HAL_NVIC_DisableIRQ
                0x08001522       0x1c ./Drivers/STM32L4xx_HAL_Driver/stm32l4xx_hal_cortex.o
                0x08001522                HAL_NVIC_DisableIRQ
 .text.HAL_SYSTICK_Config
                0x0800153e       0x18 ./Drivers/STM32L4xx_HAL_Driver/stm32l4xx_hal_cortex.o
                0x0800153e                HAL_SYSTICK_Config
 *fill*         0x08001556        0x2 
 .text.HAL_DMA_Init
                0x08001558      0x170 ./Drivers/STM32L4xx_HAL_Driver/stm32l4xx_hal_dma.o
                0x08001558                HAL_DMA_Init
 .text.HAL_DMA_Start_IT
                0x080016c8       0xc0 ./Drivers/STM32L4xx_HAL_Driver/stm32l4xx_hal_dma.o
                0x080016c8                HAL_DMA_Start_IT
 .text.HAL_DMA_Abort_IT
                0x08001788       0x82 ./Drivers/STM32L4xx_HAL_Driver/stm32l4xx_hal_dma.o
                0x08001788                HAL_DMA_Abort_IT
 .text.HAL_DMA_IRQHandler
                0x0800180a      0x15e ./Drivers/STM32L4xx_HAL_Driver/stm32l4xx_hal_dma.o
                0x0800180a                HAL_DMA_IRQHandler
 .text.DMA_SetConfig
                0x08001968       0x60 ./Drivers/STM32L4xx_HAL_Driver/stm32l4xx_hal_dma.o
 .text.HAL_GPIO_Init
                0x080019c8      0x354 ./Drivers/STM32L4xx_HAL_Driver/stm32l4xx_hal_gpio.o
                0x080019c8                HAL_GPIO_Init
 .text.HAL_GPIO_WritePin
                0x08001d1c       0x30 ./Drivers/STM32L4xx_HAL_Driver/stm32l4xx_hal_gpio.o
                0x08001d1c                HAL_GPIO_WritePin
 .text.HAL_PWREx_GetVoltageRange
                0x08001d4c       0x1c ./Drivers/STM32L4xx_HAL_Driver/stm32l4xx_hal_pwr_ex.o
                0x08001d4c                HAL_PWREx_GetVoltageRange
 .text.HAL_PWREx_ControlVoltageScaling
                0x08001d68       0xac ./Drivers/STM32L4xx_HAL_Driver/stm32l4xx_hal_pwr_ex.o
                0x08001d68                HAL_PWREx_ControlVoltageScaling
 .text.HAL_RCC_OscConfig
                0x08001e14      0x7b8 ./Drivers/STM32L4xx_HAL_Driver/stm32l4xx_hal_rcc.o
                0x08001e14                HAL_RCC_OscConfig
 .text.HAL_RCC_ClockConfig
                0x080025cc      0x200 ./Drivers/STM32L4xx_HAL_Driver/stm32l4xx_hal_rcc.o
                0x080025cc                HAL_RCC_ClockConfig
 .text.HAL_RCC_GetSysClockFreq
                0x080027cc      0x118 ./Drivers/STM32L4xx_HAL_Driver/stm32l4xx_hal_rcc.o
                0x080027cc                HAL_RCC_GetSysClockFreq
 .text.RCC_SetFlashLatencyFromMSIRange
                0x080028e4       0xc0 ./Drivers/STM32L4xx_HAL_Driver/stm32l4xx_hal_rcc.o
 .text.HAL_SPI_Init
                0x080029a4      0x146 ./Drivers/STM32L4xx_HAL_Driver/stm32l4xx_hal_spi.o
                0x080029a4                HAL_SPI_Init
 *fill*         0x08002aea        0x2 
 .text.HAL_SPI_Transmit_DMA
                0x08002aec      0x1e0 ./Drivers/STM32L4xx_HAL_Driver/stm32l4xx_hal_spi.o
                0x08002aec                HAL_SPI_Transmit_DMA
 .text.HAL_SPI_IRQHandler
                0x08002ccc      0x1e8 ./Drivers/STM32L4xx_HAL_Driver/stm32l4xx_hal_spi.o
                0x08002ccc                HAL_SPI_IRQHandler
 .text.HAL_SPI_TxHalfCpltCallback
                0x08002eb4       0x14 ./Drivers/STM32L4xx_HAL_Driver/stm32l4xx_hal_spi.o
                0x08002eb4                HAL_SPI_TxHalfCpltCallback
 .text.HAL_SPI_ErrorCallback
                0x08002ec8       0x14 ./Drivers/STM32L4xx_HAL_Driver/stm32l4xx_hal_spi.o
                0x08002ec8                HAL_SPI_ErrorCallback
 .text.SPI_DMATransmitCplt
                0x08002edc       0xa6 ./Drivers/STM32L4xx_HAL_Driver/stm32l4xx_hal_spi.o
 .text.SPI_DMAHalfTransmitCplt
                0x08002f82       0x1c ./Drivers/STM32L4xx_HAL_Driver/stm32l4xx_hal_spi.o
 .text.SPI_DMAError
                0x08002f9e       0x40 ./Drivers/STM32L4xx_HAL_Driver/stm32l4xx_hal_spi.o
 .text.SPI_DMAAbortOnError
                0x08002fde       0x2a ./Drivers/STM32L4xx_HAL_Driver/stm32l4xx_hal_spi.o
 .text.SPI_WaitFlagStateUntilTimeout
                0x08003008      0x110 ./Drivers/STM32L4xx_HAL_Driver/stm32l4xx_hal_spi.o
 .text.SPI_WaitFifoStateUntilTimeout
                0x08003118      0x12c ./Drivers/STM32L4xx_HAL_Driver/stm32l4xx_hal_spi.o
 .text.SPI_EndRxTxTransaction
                0x08003244       0x8c ./Drivers/STM32L4xx_HAL_Driver/stm32l4xx_hal_spi.o
 .text.HAL_TIM_Base_Init
                0x080032d0       0xae ./Drivers/STM32L4xx_HAL_Driver/stm32l4xx_hal_tim.o
                0x080032d0                HAL_TIM_Base_Init
 *fill*         0x0800337e        0x2 
 .text.HAL_TIM_Base_Start_IT
                0x08003380       0xe0 ./Drivers/STM32L4xx_HAL_Driver/stm32l4xx_hal_tim.o
                0x08003380                HAL_TIM_Base_Start_IT
 .text.HAL_TIM_IRQHandler
                0x08003460      0x204 ./Drivers/STM32L4xx_HAL_Driver/stm32l4xx_hal_tim.o
                0x08003460                HAL_TIM_IRQHandler
 .text.HAL_TIM_ConfigClockSource
                0x08003664      0x192 ./Drivers/STM32L4xx_HAL_Driver/stm32l4xx_hal_tim.o
                0x08003664                HAL_TIM_ConfigClockSource
 .text.HAL_TIM_OC_DelayElapsedCallback
                0x080037f6       0x14 ./Drivers/STM32L4xx_HAL_Driver/stm32l4xx_hal_tim.o
                0x080037f6                HAL_TIM_OC_DelayElapsedCallback
 .text.HAL_TIM_IC_CaptureCallback
                0x0800380a       0x14 ./Drivers/STM32L4xx_HAL_Driver/stm32l4xx_hal_tim.o
                0x0800380a                HAL_TIM_IC_CaptureCallback
 .text.HAL_TIM_PWM_PulseFinishedCallback
                0x0800381e       0x14 ./Drivers/STM32L4xx_HAL_Driver/stm32l4xx_hal_tim.o
                0x0800381e                HAL_TIM_PWM_PulseFinishedCallback
 .text.HAL_TIM_TriggerCallback
                0x08003832       0x14 ./Drivers/STM32L4xx_HAL_Driver/stm32l4xx_hal_tim.o
                0x08003832                HAL_TIM_TriggerCallback
 *fill*         0x08003846        0x2 
 .text.TIM_Base_SetConfig
                0x08003848      0x134 ./Drivers/STM32L4xx_HAL_Driver/stm32l4xx_hal_tim.o
                0x08003848                TIM_Base_SetConfig
 .text.TIM_TI1_ConfigInputStage
                0x0800397c       0x5e ./Drivers/STM32L4xx_HAL_Driver/stm32l4xx_hal_tim.o
 .text.TIM_TI2_ConfigInputStage
                0x080039da       0x60 ./Drivers/STM32L4xx_HAL_Driver/stm32l4xx_hal_tim.o
 .text.TIM_ITRx_SetConfig
                0x08003a3a       0x36 ./Drivers/STM32L4xx_HAL_Driver/stm32l4xx_hal_tim.o
 .text.TIM_ETR_SetConfig
                0x08003a70       0x40 ./Drivers/STM32L4xx_HAL_Driver/stm32l4xx_hal_tim.o
                0x08003a70                TIM_ETR_SetConfig
 .text.HAL_TIMEx_MasterConfigSynchronization
                0x08003ab0      0x110 ./Drivers/STM32L4xx_HAL_Driver/stm32l4xx_hal_tim_ex.o
                0x08003ab0                HAL_TIMEx_MasterConfigSynchronization
 .text.HAL_TIMEx_CommutCallback
                0x08003bc0       0x14 ./Drivers/STM32L4xx_HAL_Driver/stm32l4xx_hal_tim_ex.o
                0x08003bc0                HAL_TIMEx_CommutCallback
 .text.HAL_TIMEx_BreakCallback
                0x08003bd4       0x14 ./Drivers/STM32L4xx_HAL_Driver/stm32l4xx_hal_tim_ex.o
                0x08003bd4                HAL_TIMEx_BreakCallback
 .text.HAL_TIMEx_Break2Callback
                0x08003be8       0x14 ./Drivers/STM32L4xx_HAL_Driver/stm32l4xx_hal_tim_ex.o
                0x08003be8                HAL_TIMEx_Break2Callback
 .text.pvPortMalloc
                0x08003bfc      0x19c ./Middlewares/FreeRTOS/heap_4.o
                0x08003bfc                pvPortMalloc
 .text.vPortFree
                0x08003d98       0xc8 ./Middlewares/FreeRTOS/heap_4.o
                0x08003d98                vPortFree
 .text.prvHeapInit
                0x08003e60       0xc4 ./Middlewares/FreeRTOS/heap_4.o
 .text.prvInsertBlockIntoFreeList
                0x08003f24       0xb4 ./Middlewares/FreeRTOS/heap_4.o
 .text.vListInitialise
                0x08003fd8       0x40 ./Middlewares/FreeRTOS/list.o
                0x08003fd8                vListInitialise
 .text.vListInitialiseItem
                0x08004018       0x1a ./Middlewares/FreeRTOS/list.o
                0x08004018                vListInitialiseItem
 .text.vListInsertEnd
                0x08004032       0x48 ./Middlewares/FreeRTOS/list.o
                0x08004032                vListInsertEnd
 .text.vListInsert
                0x0800407a       0x72 ./Middlewares/FreeRTOS/list.o
                0x0800407a                vListInsert
 .text.uxListRemove
                0x080040ec       0x54 ./Middlewares/FreeRTOS/list.o
                0x080040ec                uxListRemove
 .text.pxPortInitialiseStack
                0x08004140       0x68 ./Middlewares/FreeRTOS/port.o
                0x08004140                pxPortInitialiseStack
 .text.prvTaskExitError
                0x080041a8       0x5c ./Middlewares/FreeRTOS/port.o
 *fill*         0x08004204        0xc 
 .text.SVC_Handler
                0x08004210       0x28 ./Middlewares/FreeRTOS/port.o
                0x08004210                SVC_Handler
 .text.prvPortStartFirstTask
                0x08004238       0x28 ./Middlewares/FreeRTOS/port.o
 .text.xPortStartScheduler
                0x08004260      0x148 ./Middlewares/FreeRTOS/port.o
                0x08004260                xPortStartScheduler
 .text.vPortEnterCritical
                0x080043a8       0x64 ./Middlewares/FreeRTOS/port.o
                0x080043a8                vPortEnterCritical
 .text.vPortExitCritical
                0x0800440c       0x54 ./Middlewares/FreeRTOS/port.o
                0x0800440c                vPortExitCritical
 .text.PendSV_Handler
                0x08004460       0x68 ./Middlewares/FreeRTOS/port.o
                0x08004460                PendSV_Handler
 .text.vPortSuppressTicksAndSleep
                0x080044c8      0x188 ./Middlewares/FreeRTOS/port.o
                0x080044c8                vPortSuppressTicksAndSleep
 .text.vPortSetupTimerInterrupt
                0x08004650       0x78 ./Middlewares/FreeRTOS/port.o
                0x08004650                vPortSetupTimerInterrupt
 .text.vPortEnableVFP
                0x080046c8       0x14 ./Middlewares/FreeRTOS/port.o
 .text.vPortValidateInterruptPriority
                0x080046dc       0x84 ./Middlewares/FreeRTOS/port.o
                0x080046dc                vPortValidateInterruptPriority
 .text.xQueueGenericReset
                0x08004760       0xd4 ./Middlewares/FreeRTOS/queue.o
                0x08004760                xQueueGenericReset
 .text.xQueueGenericCreate
                0x08004834       0x76 ./Middlewares/FreeRTOS/queue.o
                0x08004834                xQueueGenericCreate
 .text.prvInitialiseNewQueue
                0x080048aa       0x3e ./Middlewares/FreeRTOS/queue.o
 .text.xQueueGenericSend
                0x080048e8      0x204 ./Middlewares/FreeRTOS/queue.o
                0x080048e8                xQueueGenericSend
 .text.xQueueGiveFromISR
                0x08004aec      0x120 ./Middlewares/FreeRTOS/queue.o
                0x08004aec                xQueueGiveFromISR
 .text.xQueueSemaphoreTake
                0x08004c0c      0x220 ./Middlewares/FreeRTOS/queue.o
                0x08004c0c                xQueueSemaphoreTake
 .text.prvGetDisinheritPriorityAfterTimeout
                0x08004e2c       0x30 ./Middlewares/FreeRTOS/queue.o
 .text.prvCopyDataToQueue
                0x08004e5c       0xd4 ./Middlewares/FreeRTOS/queue.o
 .text.prvUnlockQueue
                0x08004f30       0xa4 ./Middlewares/FreeRTOS/queue.o
 .text.prvIsQueueEmpty
                0x08004fd4       0x2c ./Middlewares/FreeRTOS/queue.o
 .text.prvIsQueueFull
                0x08005000       0x30 ./Middlewares/FreeRTOS/queue.o
 .text.xTaskCreateStatic
                0x08005030       0xc0 ./Middlewares/FreeRTOS/tasks.o
                0x08005030                xTaskCreateStatic
 .text.xTaskCreate
                0x080050f0       0x8a ./Middlewares/FreeRTOS/tasks.o
                0x080050f0                xTaskCreate
 .text.prvInitialiseNewTask
                0x0800517a      0x110 ./Middlewares/FreeRTOS/tasks.o
 *fill*         0x0800528a        0x2 
 .text.prvAddNewTaskToReadyList
                0x0800528c       0xd4 ./Middlewares/FreeRTOS/tasks.o
 .text.vTaskStartScheduler
                0x08005360       0xc4 ./Middlewares/FreeRTOS/tasks.o
                0x08005360                vTaskStartScheduler
 .text.vTaskSuspendAll
                0x08005424       0x1c ./Middlewares/FreeRTOS/tasks.o
                0x08005424                vTaskSuspendAll
 .text.prvGetExpectedIdleTime
                0x08005440       0x74 ./Middlewares/FreeRTOS/tasks.o
 .text.xTaskResumeAll
                0x080054b4      0x13c ./Middlewares/FreeRTOS/tasks.o
                0x080054b4                xTaskResumeAll
 .text.vTaskStepTick
                0x080055f0       0x50 ./Middlewares/FreeRTOS/tasks.o
                0x080055f0                vTaskStepTick
 .text.xTaskIncrementTick
                0x08005640      0x174 ./Middlewares/FreeRTOS/tasks.o
                0x08005640                xTaskIncrementTick
 .text.vTaskSwitchContext
                0x080057b4       0xb8 ./Middlewares/FreeRTOS/tasks.o
                0x080057b4                vTaskSwitchContext
 .text.vTaskPlaceOnEventList
                0x0800586c       0x4c ./Middlewares/FreeRTOS/tasks.o
                0x0800586c                vTaskPlaceOnEventList
 .text.xTaskRemoveFromEventList
                0x080058b8       0xcc ./Middlewares/FreeRTOS/tasks.o
                0x080058b8                xTaskRemoveFromEventList
 .text.vTaskInternalSetTimeOutState
                0x08005984       0x2c ./Middlewares/FreeRTOS/tasks.o
                0x08005984                vTaskInternalSetTimeOutState
 .text.xTaskCheckForTimeOut
                0x080059b0       0xc8 ./Middlewares/FreeRTOS/tasks.o
                0x080059b0                xTaskCheckForTimeOut
 .text.vTaskMissedYield
                0x08005a78       0x18 ./Middlewares/FreeRTOS/tasks.o
                0x08005a78                vTaskMissedYield
 .text.prvIdleTask
                0x08005a90       0x80 ./Middlewares/FreeRTOS/tasks.o
 .text.eTaskConfirmSleepModeStatus
                0x08005b10       0x5c ./Middlewares/FreeRTOS/tasks.o
                0x08005b10                eTaskConfirmSleepModeStatus
 .text.prvInitialiseTaskLists
                0x08005b6c       0x80 ./Middlewares/FreeRTOS/tasks.o
 .text.prvCheckTasksWaitingTermination
                0x08005bec       0x5c ./Middlewares/FreeRTOS/tasks.o
 .text.prvDeleteTCB
                0x08005c48       0x60 ./Middlewares/FreeRTOS/tasks.o
 .text.prvResetNextTaskUnblockTime
                0x08005ca8       0x40 ./Middlewares/FreeRTOS/tasks.o
 .text.xTaskGetSchedulerState
                0x08005ce8       0x3c ./Middlewares/FreeRTOS/tasks.o
                0x08005ce8                xTaskGetSchedulerState
 .text.xTaskPriorityInherit
                0x08005d24       0xec ./Middlewares/FreeRTOS/tasks.o
                0x08005d24                xTaskPriorityInherit
 .text.xTaskPriorityDisinherit
                0x08005e10      0x110 ./Middlewares/FreeRTOS/tasks.o
                0x08005e10                xTaskPriorityDisinherit
 .text.vTaskPriorityDisinheritAfterTimeout
                0x08005f20      0x120 ./Middlewares/FreeRTOS/tasks.o
                0x08005f20                vTaskPriorityDisinheritAfterTimeout
 .text.pvTaskIncrementMutexHeldCount
                0x08006040       0x28 ./Middlewares/FreeRTOS/tasks.o
                0x08006040                pvTaskIncrementMutexHeldCount
 .text.ulTaskNotifyTake
                0x08006068       0x90 ./Middlewares/FreeRTOS/tasks.o
                0x08006068                ulTaskNotifyTake
 .text.vTaskNotifyGiveFromISR
                0x080060f8      0x128 ./Middlewares/FreeRTOS/tasks.o
                0x080060f8                vTaskNotifyGiveFromISR
 .text.prvAddCurrentTaskToDelayedList
                0x08006220       0xcc ./Middlewares/FreeRTOS/tasks.o
 .text.memset   0x080062ec       0x10 /Applications/STM32CubeIDE.app/Contents/Eclipse/plugins/com.st.stm32cube.ide.mcu.externaltools.gnu-tools-for-stm32.12.3.rel1.macos64_1.0.100.202403111906/tools/bin/../lib/gcc/arm-none-eabi/12.3.1/../../../../arm-none-eabi/lib/thumb/v7e-m+fp/hard/libc_nano.a(libc_a-memset.o)
                0x080062ec                memset
 .text.__libc_init_array
                0x080062fc       0x48 /Applications/STM32CubeIDE.app/Contents/Eclipse/plugins/com.st.stm32cube.ide.mcu.externaltools.gnu-tools-for-stm32.12.3.rel1.macos64_1.0.100.202403111906/tools/bin/../lib/gcc/arm-none-eabi/12.3.1/../../../../arm-none-eabi/lib/thumb/v7e-m+fp/hard/libc_nano.a(libc_a-init.o)
                0x080062fc                __libc_init_array
 .text.memcpy   0x08006344       0x1c /Applications/STM32CubeIDE.app/Contents/Eclipse/plugins/com.st.stm32cube.ide.mcu.externaltools.gnu-tools-for-stm32.12.3.rel1.macos64_1.0.100.202403111906/tools/bin/../lib/gcc/arm-none-eabi/12.3.1/../../../../arm-none-eabi/lib/thumb/v7e-m+fp/hard/libc_nano.a(libc_a-memcpy-stub.o)
                0x08006344                memcpy
 *(.glue_7)
 .glue_7        0x08006360        0x0 linker stubs
 *(.glue_7t)
 .glue_7t       0x08006360        0x0 linker stubs
 *(.eh_frame)
 .eh_frame      0x08006360        0x0 /Applications/STM32CubeIDE.app/Contents/Eclipse/plugins/com.st.stm32cube.ide.mcu.externaltools.gnu-tools-for-stm32.12.3.rel1.macos64_1.0.100.202403111906/tools/bin/../lib/gcc/arm-none-eabi/12.3.1/thumb/v7e-m+fp/hard/crtbegin.o
 *(.init)
 .init          0x08006360        0x4 /Applications/STM32CubeIDE.app/Contents/Eclipse/plugins/com.st.stm32cube.ide.mcu.externaltools.gnu-tools-for-stm32.12.3.rel1.macos64_1.0.100.202403111906/tools/bin/../lib/gcc/arm-none-eabi/12.3.1/thumb/v7e-m+fp/hard/crti.o
                0x08006360                _init
 .init          0x08006364        0x8 /Applications/STM32CubeIDE.app/Contents/Eclipse/plugins/com.st.stm32cube.ide.mcu.externaltools.gnu-tools-for-stm32.12.3.rel1.macos64_1.0.100.202403111906/tools/bin/../lib/gcc/arm-none-eabi/12.3.1/thumb/v7e-m+fp/hard/crtn.o
 *(.fini)
 .fini          0x0800636c        0x4 /Applications/STM32CubeIDE.app/Contents/Eclipse/plugins/com.st.stm32cube.ide.mcu.externaltools.gnu-tools-for-stm32.12.3.rel1.macos64_1.0.100.202403111906/tools/bin/../lib/gcc/arm-none-eabi/12.3.1/thumb/v7e-m+fp/hard/crti.o
                0x0800636c                _fini
 .fini          0x08006370        0x8 /Applications/STM32CubeIDE.app/Contents/Eclipse/plugins/com.st.stm32cube.ide.mcu.externaltools.gnu-tools-for-stm32.12.3.rel1.macos64_1.0.100.202403111906/tools/bin/../lib/gcc/arm-none-eabi/12.3.1/thumb/v7e-m+fp/hard/crtn.o
                0x08006378                        . = ALIGN (0x4)
                0x08006378                        _etext = .

.vfp11_veneer   0x08006378        0x0
 .vfp11_veneer  0x08006378        0x0 linker stubs

.v4_bx          0x08006378        0x0
 .v4_bx         0x08006378        0x0 linker stubs

.iplt           0x08006378        0x0
 .iplt          0x08006378        0x0 /Applications/STM32CubeIDE.app/Contents/Eclipse/plugins/com.st.stm32cube.ide.mcu.externaltools.gnu-tools-for-stm32.12.3.rel1.macos64_1.0.100.202403111906/tools/bin/../lib/gcc/arm-none-eabi/12.3.1/thumb/v7e-m+fp/hard/crtbegin.o

.rodata         0x08006378       0x88
                0x08006378                        . = ALIGN (0x4)
 *(.rodata)
 .rodata        0x08006378       0x1a ./Core/Src/main.o
 *fill*         0x08006392        0x2 
 .rodata        0x08006394        0x7 ./Core/Src/uart.o
 *fill*         0x0800639b        0x1 
 .rodata        0x0800639c        0x5 ./Middlewares/FreeRTOS/tasks.o
 *(.rodata*)
 *fill*         0x080063a1        0x3 
 .rodata.bit_angle_modulation_lookup
                0x080063a4       0x1c ./Core/Src/main.o
                0x080063a4                bit_angle_modulation_lookup
 .rodata.AHBPrescTable
                0x080063c0       0x10 ./Core/Src/system_stm32l4xx.o
                0x080063c0                AHBPrescTable
 .rodata.MSIRangeTable
                0x080063d0       0x30 ./Core/Src/system_stm32l4xx.o
                0x080063d0                MSIRangeTable
                0x08006400                        . = ALIGN (0x4)

.ARM.extab      0x08006400        0x0
                0x08006400                        . = ALIGN (0x4)
 *(.ARM.extab* .gnu.linkonce.armextab.*)
                0x08006400                        . = ALIGN (0x4)

.ARM            0x08006400        0x8
                0x08006400                        . = ALIGN (0x4)
                0x08006400                        __exidx_start = .
 *(.ARM.exidx*)
 .ARM.exidx     0x08006400        0x8 /Applications/STM32CubeIDE.app/Contents/Eclipse/plugins/com.st.stm32cube.ide.mcu.externaltools.gnu-tools-for-stm32.12.3.rel1.macos64_1.0.100.202403111906/tools/bin/../lib/gcc/arm-none-eabi/12.3.1/../../../../arm-none-eabi/lib/thumb/v7e-m+fp/hard/libc_nano.a(libc_a-strlen.o)
                0x08006408                        __exidx_end = .
                0x08006408                        . = ALIGN (0x4)

.preinit_array  0x08006408        0x0
                0x08006408                        . = ALIGN (0x4)
                0x08006408                        PROVIDE (__preinit_array_start = .)
 *(.preinit_array*)
                0x08006408                        PROVIDE (__preinit_array_end = .)
                0x08006408                        . = ALIGN (0x4)

.init_array     0x08006408        0x4
                0x08006408                        . = ALIGN (0x4)
                0x08006408                        PROVIDE (__init_array_start = .)
 *(SORT_BY_NAME(.init_array.*))
 *(.init_array*)
 .init_array    0x08006408        0x4 /Applications/STM32CubeIDE.app/Contents/Eclipse/plugins/com.st.stm32cube.ide.mcu.externaltools.gnu-tools-for-stm32.12.3.rel1.macos64_1.0.100.202403111906/tools/bin/../lib/gcc/arm-none-eabi/12.3.1/thumb/v7e-m+fp/hard/crtbegin.o
                0x0800640c                        PROVIDE (__init_array_end = .)
                0x0800640c                        . = ALIGN (0x4)

.fini_array     0x0800640c        0x4
                0x0800640c                        . = ALIGN (0x4)
                [!provide]                        PROVIDE (__fini_array_start = .)
 *(SORT_BY_NAME(.fini_array.*))
 *(.fini_array*)
 .fini_array    0x0800640c        0x4 /Applications/STM32CubeIDE.app/Contents/Eclipse/plugins/com.st.stm32cube.ide.mcu.externaltools.gnu-tools-for-stm32.12.3.rel1.macos64_1.0.100.202403111906/tools/bin/../lib/gcc/arm-none-eabi/12.3.1/thumb/v7e-m+fp/hard/crtbegin.o
                [!provide]                        PROVIDE (__fini_array_end = .)
                0x08006410                        . = ALIGN (0x4)
                0x08006410                        _sidata = LOADADDR (.data)

.rel.dyn        0x08006410        0x0
 .rel.iplt      0x08006410        0x0 /Applications/STM32CubeIDE.app/Contents/Eclipse/plugins/com.st.stm32cube.ide.mcu.externaltools.gnu-tools-for-stm32.12.3.rel1.macos64_1.0.100.202403111906/tools/bin/../lib/gcc/arm-none-eabi/12.3.1/thumb/v7e-m+fp/hard/crtbegin.o

.data           0x20000000       0x14 load address 0x08006410
                0x20000000                        . = ALIGN (0x4)
                0x20000000                        _sdata = .
 *(.data)
 *(.data*)
 .data.device_state
                0x20000000        0x1 ./Core/Src/main.o
                0x20000000                device_state
 *fill*         0x20000001        0x3 
 .data.SystemCoreClock
                0x20000004        0x4 ./Core/Src/system_stm32l4xx.o
                0x20000004                SystemCoreClock
 .data.uwTickPrio
                0x20000008        0x4 ./Drivers/STM32L4xx_HAL_Driver/stm32l4xx_hal.o
                0x20000008                uwTickPrio
 .data.uwTickFreq
                0x2000000c        0x1 ./Drivers/STM32L4xx_HAL_Driver/stm32l4xx_hal.o
                0x2000000c                uwTickFreq
 *fill*         0x2000000d        0x3 
 .data.uxCriticalNesting
                0x20000010        0x4 ./Middlewares/FreeRTOS/port.o
 *(.RamFunc)
 *(.RamFunc*)
                0x20000014                        . = ALIGN (0x4)
                0x20000014                        _edata = .

.igot.plt       0x20000014        0x0 load address 0x08006424
 .igot.plt      0x20000014        0x0 /Applications/STM32CubeIDE.app/Contents/Eclipse/plugins/com.st.stm32cube.ide.mcu.externaltools.gnu-tools-for-stm32.12.3.rel1.macos64_1.0.100.202403111906/tools/bin/../lib/gcc/arm-none-eabi/12.3.1/thumb/v7e-m+fp/hard/crtbegin.o
                0x20000014                        . = ALIGN (0x4)

.bss            0x20000014    0x11f88 load address 0x08006424
                0x20000014                        _sbss = .
                0x20000014                        __bss_start__ = _sbss
 *(.bss)
 .bss           0x20000014       0x1c /Applications/STM32CubeIDE.app/Contents/Eclipse/plugins/com.st.stm32cube.ide.mcu.externaltools.gnu-tools-for-stm32.12.3.rel1.macos64_1.0.100.202403111906/tools/bin/../lib/gcc/arm-none-eabi/12.3.1/thumb/v7e-m+fp/hard/crtbegin.o
 *(.bss*)
 .bss.xIdleTaskTCBBuffer
                0x20000030       0x54 ./Core/Src/freertos.o
 .bss.xIdleStack
                0x20000084      0x200 ./Core/Src/freertos.o
 .bss.hspi1     0x20000284       0x64 ./Core/Src/main.o
                0x20000284                hspi1
 .bss.hdma_spi1_tx
                0x200002e8       0x48 ./Core/Src/main.o
                0x200002e8                hdma_spi1_tx
 .bss.htim3     0x20000330       0x4c ./Core/Src/main.o
                0x20000330                htim3
 .bss.WriteLEDTaskHandler
                0x2000037c        0x4 ./Core/Src/main.o
                0x2000037c                WriteLEDTaskHandler
 .bss.vSyncTaskHandler
                0x20000380        0x4 ./Core/Src/main.o
                0x20000380                vSyncTaskHandler
 .bss.image_buffer
                0x20000384        0x4 ./Core/Src/main.o
                0x20000384                image_buffer
 .bss.backbuffer
                0x20000388      0xc00 ./Core/Src/main.o
                0x20000388                backbuffer
 .bss.backbuffer_index
                0x20000f88        0x1 ./Core/Src/main.o
                0x20000f88                backbuffer_index
 *fill*         0x20000f89        0x3 
 .bss.xVsyncSemaphore
                0x20000f8c        0x4 ./Core/Src/main.o
 .bss.xFrameReadySemaphore
                0x20000f90        0x4 ./Core/Src/main.o
 .bss.rx_image_data
                0x20000f94      0xc00 ./Core/Src/main.o
                0x20000f94                rx_image_data
 .bss.saved_image_data
                0x20001b94      0xc00 ./Core/Src/main.o
                0x20001b94                saved_image_data
 .bss.curr_image_data
                0x20002794      0xc00 ./Core/Src/main.o
                0x20002794                curr_image_data
 .bss.line      0x20003394        0x2 ./Core/Src/main.o
 .bss.cur_linedata
                0x20003396        0x1 ./Core/Src/main.o
 *fill*         0x20003397        0x1 
 .bss.linedata  0x20003398       0x30 ./Core/Src/main.o
 .bss.scan      0x200033c8        0x1 ./Core/Src/main.o
 *fill*         0x200033c9        0x3 
 .bss.frame     0x200033cc        0x4 ./Core/Src/main.o
 .bss.transfer_pending
                0x200033d0        0x1 ./Core/Src/main.o
 *fill*         0x200033d1        0x1 
 .bss.spi_transmit_line
                0x200033d2        0x2 ./Core/Src/main.o
 .bss.rx_index  0x200033d4        0x4 ./Core/Src/main.o
                0x200033d4                rx_index
 .bss.uwTick    0x200033d8        0x4 ./Drivers/STM32L4xx_HAL_Driver/stm32l4xx_hal.o
                0x200033d8                uwTick
 .bss.ucHeap    0x200033dc     0xea60 ./Middlewares/FreeRTOS/heap_4.o
 .bss.xStart    0x20011e3c        0x8 ./Middlewares/FreeRTOS/heap_4.o
 .bss.pxEnd     0x20011e44        0x4 ./Middlewares/FreeRTOS/heap_4.o
 .bss.xFreeBytesRemaining
                0x20011e48        0x4 ./Middlewares/FreeRTOS/heap_4.o
 .bss.xMinimumEverFreeBytesRemaining
                0x20011e4c        0x4 ./Middlewares/FreeRTOS/heap_4.o
 .bss.xNumberOfSuccessfulAllocations
                0x20011e50        0x4 ./Middlewares/FreeRTOS/heap_4.o
 .bss.xNumberOfSuccessfulFrees
                0x20011e54        0x4 ./Middlewares/FreeRTOS/heap_4.o
 .bss.xBlockAllocatedBit
                0x20011e58        0x4 ./Middlewares/FreeRTOS/heap_4.o
 .bss.ulTimerCountsForOneTick
                0x20011e5c        0x4 ./Middlewares/FreeRTOS/port.o
 .bss.xMaximumPossibleSuppressedTicks
                0x20011e60        0x4 ./Middlewares/FreeRTOS/port.o
 .bss.ulStoppedTimerCompensation
                0x20011e64        0x4 ./Middlewares/FreeRTOS/port.o
 .bss.ucMaxSysCallPriority
                0x20011e68        0x1 ./Middlewares/FreeRTOS/port.o
 *fill*         0x20011e69        0x3 
 .bss.ulMaxPRIGROUPValue
                0x20011e6c        0x4 ./Middlewares/FreeRTOS/port.o
 .bss.pxCurrentTCB
                0x20011e70        0x4 ./Middlewares/FreeRTOS/tasks.o
                0x20011e70                pxCurrentTCB
 .bss.pxReadyTasksLists
                0x20011e74       0x8c ./Middlewares/FreeRTOS/tasks.o
 .bss.xDelayedTaskList1
                0x20011f00       0x14 ./Middlewares/FreeRTOS/tasks.o
 .bss.xDelayedTaskList2
                0x20011f14       0x14 ./Middlewares/FreeRTOS/tasks.o
 .bss.pxDelayedTaskList
                0x20011f28        0x4 ./Middlewares/FreeRTOS/tasks.o
 .bss.pxOverflowDelayedTaskList
                0x20011f2c        0x4 ./Middlewares/FreeRTOS/tasks.o
 .bss.xPendingReadyList
                0x20011f30       0x14 ./Middlewares/FreeRTOS/tasks.o
 .bss.xTasksWaitingTermination
                0x20011f44       0x14 ./Middlewares/FreeRTOS/tasks.o
 .bss.uxDeletedTasksWaitingCleanUp
                0x20011f58        0x4 ./Middlewares/FreeRTOS/tasks.o
 .bss.xSuspendedTaskList
                0x20011f5c       0x14 ./Middlewares/FreeRTOS/tasks.o
 .bss.uxCurrentNumberOfTasks
                0x20011f70        0x4 ./Middlewares/FreeRTOS/tasks.o
 .bss.xTickCount
                0x20011f74        0x4 ./Middlewares/FreeRTOS/tasks.o
 .bss.uxTopReadyPriority
                0x20011f78        0x4 ./Middlewares/FreeRTOS/tasks.o
 .bss.xSchedulerRunning
                0x20011f7c        0x4 ./Middlewares/FreeRTOS/tasks.o
 .bss.xPendedTicks
                0x20011f80        0x4 ./Middlewares/FreeRTOS/tasks.o
 .bss.xYieldPending
                0x20011f84        0x4 ./Middlewares/FreeRTOS/tasks.o
 .bss.xNumOfOverflows
                0x20011f88        0x4 ./Middlewares/FreeRTOS/tasks.o
 .bss.uxTaskNumber
                0x20011f8c        0x4 ./Middlewares/FreeRTOS/tasks.o
 .bss.xNextTaskUnblockTime
                0x20011f90        0x4 ./Middlewares/FreeRTOS/tasks.o
 .bss.xIdleTaskHandle
                0x20011f94        0x4 ./Middlewares/FreeRTOS/tasks.o
 .bss.uxSchedulerSuspended
                0x20011f98        0x4 ./Middlewares/FreeRTOS/tasks.o
 *(COMMON)
                0x20011f9c                        . = ALIGN (0x4)
                0x20011f9c                        _ebss = .
                0x20011f9c                        __bss_end__ = _ebss

._user_heap_stack
                0x20011f9c     0x1e04 load address 0x08006424
                0x20011fa0                        . = ALIGN (0x8)
 *fill*         0x20011f9c        0x4 
                [!provide]                        PROVIDE (end = .)
                0x20011fa0                        PROVIDE (_end = .)
                0x20012ea0                        . = (. + _Min_Heap_Size)
 *fill*         0x20011fa0      0xf00 
                0x20013da0                        . = (. + _Min_Stack_Size)
 *fill*         0x20012ea0      0xf00 
                0x20013da0                        . = ALIGN (0x8)

/DISCARD/
 libc.a(*)
 libm.a(*)
 libgcc.a(*)

.ARM.attributes
                0x00000000       0x30
 *(.ARM.attributes)
 .ARM.attributes
                0x00000000       0x22 /Applications/STM32CubeIDE.app/Contents/Eclipse/plugins/com.st.stm32cube.ide.mcu.externaltools.gnu-tools-for-stm32.12.3.rel1.macos64_1.0.100.202403111906/tools/bin/../lib/gcc/arm-none-eabi/12.3.1/thumb/v7e-m+fp/hard/crti.o
 .ARM.attributes
                0x00000022       0x34 /Applications/STM32CubeIDE.app/Contents/Eclipse/plugins/com.st.stm32cube.ide.mcu.externaltools.gnu-tools-for-stm32.12.3.rel1.macos64_1.0.100.202403111906/tools/bin/../lib/gcc/arm-none-eabi/12.3.1/thumb/v7e-m+fp/hard/crtbegin.o
 .ARM.attributes
                0x00000056       0x34 ./Core/Src/32x32.o
 .ARM.attributes
                0x0000008a       0x34 ./Core/Src/freertos.o
 .ARM.attributes
                0x000000be       0x34 ./Core/Src/main.o
 .ARM.attributes
                0x000000f2       0x34 ./Core/Src/stm32l4xx_hal_msp.o
 .ARM.attributes
                0x00000126       0x34 ./Core/Src/stm32l4xx_it.o
 .ARM.attributes
                0x0000015a       0x34 ./Core/Src/system_stm32l4xx.o
 .ARM.attributes
                0x0000018e       0x34 ./Core/Src/uart.o
 .ARM.attributes
                0x000001c2       0x34 ./Core/Src/user_button.o
 .ARM.attributes
                0x000001f6       0x21 ./Core/Startup/startup_stm32l476rgtx.o
 .ARM.attributes
                0x00000217       0x34 ./Drivers/STM32L4xx_HAL_Driver/stm32l4xx_hal.o
 .ARM.attributes
                0x0000024b       0x34 ./Drivers/STM32L4xx_HAL_Driver/stm32l4xx_hal_cortex.o
 .ARM.attributes
                0x0000027f       0x34 ./Drivers/STM32L4xx_HAL_Driver/stm32l4xx_hal_dma.o
 .ARM.attributes
                0x000002b3       0x34 ./Drivers/STM32L4xx_HAL_Driver/stm32l4xx_hal_gpio.o
 .ARM.attributes
                0x000002e7       0x34 ./Drivers/STM32L4xx_HAL_Driver/stm32l4xx_hal_pwr_ex.o
 .ARM.attributes
                0x0000031b       0x34 ./Drivers/STM32L4xx_HAL_Driver/stm32l4xx_hal_rcc.o
 .ARM.attributes
                0x0000034f       0x34 ./Drivers/STM32L4xx_HAL_Driver/stm32l4xx_hal_spi.o
 .ARM.attributes
                0x00000383       0x34 ./Drivers/STM32L4xx_HAL_Driver/stm32l4xx_hal_tim.o
 .ARM.attributes
                0x000003b7       0x34 ./Drivers/STM32L4xx_HAL_Driver/stm32l4xx_hal_tim_ex.o
 .ARM.attributes
                0x000003eb       0x34 ./Middlewares/FreeRTOS/heap_4.o
 .ARM.attributes
                0x0000041f       0x34 ./Middlewares/FreeRTOS/list.o
 .ARM.attributes
                0x00000453       0x34 ./Middlewares/FreeRTOS/port.o
 .ARM.attributes
                0x00000487       0x34 ./Middlewares/FreeRTOS/queue.o
 .ARM.attributes
                0x000004bb       0x34 ./Middlewares/FreeRTOS/tasks.o
 .ARM.attributes
                0x000004ef       0x34 /Applications/STM32CubeIDE.app/Contents/Eclipse/plugins/com.st.stm32cube.ide.mcu.externaltools.gnu-tools-for-stm32.12.3.rel1.macos64_1.0.100.202403111906/tools/bin/../lib/gcc/arm-none-eabi/12.3.1/../../../../arm-none-eabi/lib/thumb/v7e-m+fp/hard/libc_nano.a(libc_a-memset.o)
 .ARM.attributes
                0x00000523       0x34 /Applications/STM32CubeIDE.app/Contents/Eclipse/plugins/com.st.stm32cube.ide.mcu.externaltools.gnu-tools-for-stm32.12.3.rel1.macos64_1.0.100.202403111906/tools/bin/../lib/gcc/arm-none-eabi/12.3.1/../../../../arm-none-eabi/lib/thumb/v7e-m+fp/hard/libc_nano.a(libc_a-init.o)
 .ARM.attributes
                0x00000557       0x34 /Applications/STM32CubeIDE.app/Contents/Eclipse/plugins/com.st.stm32cube.ide.mcu.externaltools.gnu-tools-for-stm32.12.3.rel1.macos64_1.0.100.202403111906/tools/bin/../lib/gcc/arm-none-eabi/12.3.1/../../../../arm-none-eabi/lib/thumb/v7e-m+fp/hard/libc_nano.a(libc_a-memcpy-stub.o)
 .ARM.attributes
                0x0000058b       0x17 /Applications/STM32CubeIDE.app/Contents/Eclipse/plugins/com.st.stm32cube.ide.mcu.externaltools.gnu-tools-for-stm32.12.3.rel1.macos64_1.0.100.202403111906/tools/bin/../lib/gcc/arm-none-eabi/12.3.1/../../../../arm-none-eabi/lib/thumb/v7e-m+fp/hard/libc_nano.a(libc_a-strlen.o)
 .ARM.attributes
                0x000005a2       0x22 /Applications/STM32CubeIDE.app/Contents/Eclipse/plugins/com.st.stm32cube.ide.mcu.externaltools.gnu-tools-for-stm32.12.3.rel1.macos64_1.0.100.202403111906/tools/bin/../lib/gcc/arm-none-eabi/12.3.1/thumb/v7e-m+fp/hard/crtn.o
OUTPUT(32x32_L476.elf elf32-littlearm)
LOAD linker stubs
LOAD /Applications/STM32CubeIDE.app/Contents/Eclipse/plugins/com.st.stm32cube.ide.mcu.externaltools.gnu-tools-for-stm32.12.3.rel1.macos64_1.0.100.202403111906/tools/bin/../lib/gcc/arm-none-eabi/12.3.1/../../../../arm-none-eabi/lib/thumb/v7e-m+fp/hard/libc.a
LOAD /Applications/STM32CubeIDE.app/Contents/Eclipse/plugins/com.st.stm32cube.ide.mcu.externaltools.gnu-tools-for-stm32.12.3.rel1.macos64_1.0.100.202403111906/tools/bin/../lib/gcc/arm-none-eabi/12.3.1/../../../../arm-none-eabi/lib/thumb/v7e-m+fp/hard/libm.a
LOAD /Applications/STM32CubeIDE.app/Contents/Eclipse/plugins/com.st.stm32cube.ide.mcu.externaltools.gnu-tools-for-stm32.12.3.rel1.macos64_1.0.100.202403111906/tools/bin/../lib/gcc/arm-none-eabi/12.3.1/thumb/v7e-m+fp/hard/libgcc.a

.debug_info     0x00000000    0x12c6c
 .debug_info    0x00000000      0x294 ./Core/Src/32x32.o
 .debug_info    0x00000294      0x279 ./Core/Src/freertos.o
 .debug_info    0x0000050d     0x1e3c ./Core/Src/main.o
 .debug_info    0x00002349     0x107f ./Core/Src/stm32l4xx_hal_msp.o
 .debug_info    0x000033c8      0x996 ./Core/Src/stm32l4xx_it.o
 .debug_info    0x00003d5e      0x5b1 ./Core/Src/system_stm32l4xx.o
 .debug_info    0x0000430f      0x8df ./Core/Src/uart.o
 .debug_info    0x00004bee      0x8b7 ./Core/Src/user_button.o
 .debug_info    0x000054a5       0x30 ./Core/Startup/startup_stm32l476rgtx.o
 .debug_info    0x000054d5      0xaeb ./Drivers/STM32L4xx_HAL_Driver/stm32l4xx_hal.o
 .debug_info    0x00005fc0      0xd4c ./Drivers/STM32L4xx_HAL_Driver/stm32l4xx_hal_cortex.o
 .debug_info    0x00006d0c      0x6f4 ./Drivers/STM32L4xx_HAL_Driver/stm32l4xx_hal_dma.o
 .debug_info    0x00007400      0x757 ./Drivers/STM32L4xx_HAL_Driver/stm32l4xx_hal_gpio.o
 .debug_info    0x00007b57      0x99e ./Drivers/STM32L4xx_HAL_Driver/stm32l4xx_hal_pwr_ex.o
 .debug_info    0x000084f5      0xc14 ./Drivers/STM32L4xx_HAL_Driver/stm32l4xx_hal_rcc.o
 .debug_info    0x00009109     0x161a ./Drivers/STM32L4xx_HAL_Driver/stm32l4xx_hal_spi.o
 .debug_info    0x0000a723     0x2a9a ./Drivers/STM32L4xx_HAL_Driver/stm32l4xx_hal_tim.o
 .debug_info    0x0000d1bd     0x169e ./Drivers/STM32L4xx_HAL_Driver/stm32l4xx_hal_tim_ex.o
 .debug_info    0x0000e85b      0x4d5 ./Middlewares/FreeRTOS/heap_4.o
 .debug_info    0x0000ed30      0x2af ./Middlewares/FreeRTOS/list.o
 .debug_info    0x0000efdf      0x5dc ./Middlewares/FreeRTOS/port.o
 .debug_info    0x0000f5bb     0x18d8 ./Middlewares/FreeRTOS/queue.o
 .debug_info    0x00010e93     0x1dd9 ./Middlewares/FreeRTOS/tasks.o

.debug_abbrev   0x00000000     0x2ff0
 .debug_abbrev  0x00000000      0x103 ./Core/Src/32x32.o
 .debug_abbrev  0x00000103       0xd2 ./Core/Src/freertos.o
 .debug_abbrev  0x000001d5      0x411 ./Core/Src/main.o
 .debug_abbrev  0x000005e6      0x1ff ./Core/Src/stm32l4xx_hal_msp.o
 .debug_abbrev  0x000007e5      0x193 ./Core/Src/stm32l4xx_it.o
 .debug_abbrev  0x00000978      0x11a ./Core/Src/system_stm32l4xx.o
 .debug_abbrev  0x00000a92      0x1cb ./Core/Src/uart.o
 .debug_abbrev  0x00000c5d      0x160 ./Core/Src/user_button.o
 .debug_abbrev  0x00000dbd       0x24 ./Core/Startup/startup_stm32l476rgtx.o
 .debug_abbrev  0x00000de1      0x242 ./Drivers/STM32L4xx_HAL_Driver/stm32l4xx_hal.o
 .debug_abbrev  0x00001023      0x327 ./Drivers/STM32L4xx_HAL_Driver/stm32l4xx_hal_cortex.o
 .debug_abbrev  0x0000134a      0x1e4 ./Drivers/STM32L4xx_HAL_Driver/stm32l4xx_hal_dma.o
 .debug_abbrev  0x0000152e      0x1cb ./Drivers/STM32L4xx_HAL_Driver/stm32l4xx_hal_gpio.o
 .debug_abbrev  0x000016f9      0x1f9 ./Drivers/STM32L4xx_HAL_Driver/stm32l4xx_hal_pwr_ex.o
 .debug_abbrev  0x000018f2      0x2cb ./Drivers/STM32L4xx_HAL_Driver/stm32l4xx_hal_rcc.o
 .debug_abbrev  0x00001bbd      0x26a ./Drivers/STM32L4xx_HAL_Driver/stm32l4xx_hal_spi.o
 .debug_abbrev  0x00001e27      0x278 ./Drivers/STM32L4xx_HAL_Driver/stm32l4xx_hal_tim.o
 .debug_abbrev  0x0000209f      0x283 ./Drivers/STM32L4xx_HAL_Driver/stm32l4xx_hal_tim_ex.o
 .debug_abbrev  0x00002322      0x21d ./Middlewares/FreeRTOS/heap_4.o
 .debug_abbrev  0x0000253f       0xf5 ./Middlewares/FreeRTOS/list.o
 .debug_abbrev  0x00002634      0x2a9 ./Middlewares/FreeRTOS/port.o
 .debug_abbrev  0x000028dd      0x3b5 ./Middlewares/FreeRTOS/queue.o
 .debug_abbrev  0x00002c92      0x35e ./Middlewares/FreeRTOS/tasks.o

.debug_aranges  0x00000000     0x1288
 .debug_aranges
                0x00000000       0x38 ./Core/Src/32x32.o
 .debug_aranges
                0x00000038       0x20 ./Core/Src/freertos.o
 .debug_aranges
                0x00000058       0xb0 ./Core/Src/main.o
 .debug_aranges
                0x00000108       0x40 ./Core/Src/stm32l4xx_hal_msp.o
 .debug_aranges
                0x00000148       0x38 ./Core/Src/stm32l4xx_it.o
 .debug_aranges
                0x00000180       0x28 ./Core/Src/system_stm32l4xx.o
 .debug_aranges
                0x000001a8       0x40 ./Core/Src/uart.o
 .debug_aranges
                0x000001e8       0x28 ./Core/Src/user_button.o
 .debug_aranges
                0x00000210       0x28 ./Core/Startup/startup_stm32l476rgtx.o
 .debug_aranges
                0x00000238      0x130 ./Drivers/STM32L4xx_HAL_Driver/stm32l4xx_hal.o
 .debug_aranges
                0x00000368      0x118 ./Drivers/STM32L4xx_HAL_Driver/stm32l4xx_hal_cortex.o
 .debug_aranges
                0x00000480       0x80 ./Drivers/STM32L4xx_HAL_Driver/stm32l4xx_hal_dma.o
 .debug_aranges
                0x00000500       0x58 ./Drivers/STM32L4xx_HAL_Driver/stm32l4xx_hal_gpio.o
 .debug_aranges
                0x00000558      0x160 ./Drivers/STM32L4xx_HAL_Driver/stm32l4xx_hal_pwr_ex.o
 .debug_aranges
                0x000006b8       0x90 ./Drivers/STM32L4xx_HAL_Driver/stm32l4xx_hal_rcc.o
 .debug_aranges
                0x00000748      0x1d8 ./Drivers/STM32L4xx_HAL_Driver/stm32l4xx_hal_spi.o
 .debug_aranges
                0x00000920      0x3e0 ./Drivers/STM32L4xx_HAL_Driver/stm32l4xx_hal_tim.o
 .debug_aranges
                0x00000d00      0x180 ./Drivers/STM32L4xx_HAL_Driver/stm32l4xx_hal_tim_ex.o
 .debug_aranges
                0x00000e80       0x58 ./Middlewares/FreeRTOS/heap_4.o
 .debug_aranges
                0x00000ed8       0x40 ./Middlewares/FreeRTOS/list.o
 .debug_aranges
                0x00000f18       0x88 ./Middlewares/FreeRTOS/port.o
 .debug_aranges
                0x00000fa0      0x118 ./Middlewares/FreeRTOS/queue.o
 .debug_aranges
                0x000010b8      0x1d0 ./Middlewares/FreeRTOS/tasks.o

.debug_rnglists
                0x00000000      0xe42
 .debug_rnglists
                0x00000000       0x26 ./Core/Src/32x32.o
 .debug_rnglists
                0x00000026       0x13 ./Core/Src/freertos.o
 .debug_rnglists
                0x00000039       0x85 ./Core/Src/main.o
 .debug_rnglists
                0x000000be       0x2c ./Core/Src/stm32l4xx_hal_msp.o
 .debug_rnglists
                0x000000ea       0x25 ./Core/Src/stm32l4xx_it.o
 .debug_rnglists
                0x0000010f       0x1a ./Core/Src/system_stm32l4xx.o
 .debug_rnglists
                0x00000129       0x2c ./Core/Src/uart.o
 .debug_rnglists
                0x00000155       0x19 ./Core/Src/user_button.o
 .debug_rnglists
                0x0000016e       0x19 ./Core/Startup/startup_stm32l476rgtx.o
 .debug_rnglists
                0x00000187       0xdf ./Drivers/STM32L4xx_HAL_Driver/stm32l4xx_hal.o
 .debug_rnglists
                0x00000266       0xce ./Drivers/STM32L4xx_HAL_Driver/stm32l4xx_hal_cortex.o
 .debug_rnglists
                0x00000334       0x64 ./Drivers/STM32L4xx_HAL_Driver/stm32l4xx_hal_dma.o
 .debug_rnglists
                0x00000398       0x3f ./Drivers/STM32L4xx_HAL_Driver/stm32l4xx_hal_gpio.o
 .debug_rnglists
                0x000003d7      0x109 ./Drivers/STM32L4xx_HAL_Driver/stm32l4xx_hal_pwr_ex.o
 .debug_rnglists
                0x000004e0       0x6d ./Drivers/STM32L4xx_HAL_Driver/stm32l4xx_hal_rcc.o
 .debug_rnglists
                0x0000054d      0x178 ./Drivers/STM32L4xx_HAL_Driver/stm32l4xx_hal_spi.o
 .debug_rnglists
                0x000006c5      0x328 ./Drivers/STM32L4xx_HAL_Driver/stm32l4xx_hal_tim.o
 .debug_rnglists
                0x000009ed      0x139 ./Drivers/STM32L4xx_HAL_Driver/stm32l4xx_hal_tim_ex.o
 .debug_rnglists
                0x00000b26       0x42 ./Middlewares/FreeRTOS/heap_4.o
 .debug_rnglists
                0x00000b68       0x2b ./Middlewares/FreeRTOS/list.o
 .debug_rnglists
                0x00000b93       0x64 ./Middlewares/FreeRTOS/port.o
 .debug_rnglists
                0x00000bf7       0xd9 ./Middlewares/FreeRTOS/queue.o
 .debug_rnglists
                0x00000cd0      0x172 ./Middlewares/FreeRTOS/tasks.o

.debug_macro    0x00000000    0x287e2
 .debug_macro   0x00000000       0xce ./Core/Src/32x32.o
 .debug_macro   0x000000ce      0xaba ./Core/Src/32x32.o
 .debug_macro   0x00000b88       0x28 ./Core/Src/32x32.o
 .debug_macro   0x00000bb0       0x22 ./Core/Src/32x32.o
 .debug_macro   0x00000bd2       0x8e ./Core/Src/32x32.o
 .debug_macro   0x00000c60       0x51 ./Core/Src/32x32.o
 .debug_macro   0x00000cb1      0x103 ./Core/Src/32x32.o
 .debug_macro   0x00000db4       0x6a ./Core/Src/32x32.o
 .debug_macro   0x00000e1e      0x1df ./Core/Src/32x32.o
 .debug_macro   0x00000ffd       0x1c ./Core/Src/32x32.o
 .debug_macro   0x00001019       0x22 ./Core/Src/32x32.o
 .debug_macro   0x0000103b       0xfb ./Core/Src/32x32.o
 .debug_macro   0x00001136     0x1011 ./Core/Src/32x32.o
 .debug_macro   0x00002147      0x11f ./Core/Src/32x32.o
 .debug_macro   0x00002266    0x1a17a ./Core/Src/32x32.o
 .debug_macro   0x0001c3e0       0x1c ./Core/Src/32x32.o
 .debug_macro   0x0001c3fc      0x238 ./Core/Src/freertos.o
 .debug_macro   0x0001c634      0x189 ./Core/Src/freertos.o
 .debug_macro   0x0001c7bd       0xf0 ./Core/Src/freertos.o
 .debug_macro   0x0001c8ad      0x15a ./Core/Src/freertos.o
 .debug_macro   0x0001ca07       0xde ./Core/Src/freertos.o
 .debug_macro   0x0001cae5       0x1c ./Core/Src/freertos.o
 .debug_macro   0x0001cb01       0x26 ./Core/Src/freertos.o
 .debug_macro   0x0001cb27      0x4f6 ./Core/Src/freertos.o
 .debug_macro   0x0001d01d       0xb5 ./Core/Src/freertos.o
 .debug_macro   0x0001d0d2       0xaa ./Core/Src/freertos.o
 .debug_macro   0x0001d17c      0x1a7 ./Core/Src/freertos.o
 .debug_macro   0x0001d323       0x2e ./Core/Src/freertos.o
 .debug_macro   0x0001d351       0x6d ./Core/Src/freertos.o
 .debug_macro   0x0001d3be     0x38e6 ./Core/Src/freertos.o
 .debug_macro   0x00020ca4       0x5c ./Core/Src/freertos.o
 .debug_macro   0x00020d00     0x159e ./Core/Src/freertos.o
 .debug_macro   0x0002229e      0x5a5 ./Core/Src/freertos.o
 .debug_macro   0x00022843      0x1b9 ./Core/Src/freertos.o
 .debug_macro   0x000229fc      0x18b ./Core/Src/freertos.o
 .debug_macro   0x00022b87      0x26b ./Core/Src/freertos.o
 .debug_macro   0x00022df2      0x23d ./Core/Src/freertos.o
 .debug_macro   0x0002302f      0x241 ./Core/Src/freertos.o
 .debug_macro   0x00023270      0x37c ./Core/Src/freertos.o
 .debug_macro   0x000235ec       0xd6 ./Core/Src/freertos.o
 .debug_macro   0x000236c2      0x122 ./Core/Src/freertos.o
 .debug_macro   0x000237e4      0x3ef ./Core/Src/freertos.o
 .debug_macro   0x00023bd3      0x2fe ./Core/Src/freertos.o
 .debug_macro   0x00023ed1      0xa98 ./Core/Src/freertos.o
 .debug_macro   0x00024969      0x1e6 ./Core/Src/freertos.o
 .debug_macro   0x00024b4f      0x330 ./Core/Src/freertos.o
 .debug_macro   0x00024e7f       0x4c ./Core/Src/freertos.o
 .debug_macro   0x00024ecb      0x3f1 ./Core/Src/main.o
 .debug_macro   0x000252bc       0xf0 ./Core/Src/main.o
 .debug_macro   0x000253ac       0x91 ./Core/Src/main.o
 .debug_macro   0x0002543d       0x8d ./Core/Src/main.o
 .debug_macro   0x000254ca       0x7e ./Core/Src/main.o
 .debug_macro   0x00025548       0x19 ./Core/Src/main.o
 .debug_macro   0x00025561       0xf2 ./Core/Src/main.o
 .debug_macro   0x00025653       0x61 ./Core/Src/main.o
 .debug_macro   0x000256b4       0x2a ./Core/Src/main.o
 .debug_macro   0x000256de       0x43 ./Core/Src/main.o
 .debug_macro   0x00025721       0x34 ./Core/Src/main.o
 .debug_macro   0x00025755       0x16 ./Core/Src/main.o
 .debug_macro   0x0002576b       0x43 ./Core/Src/main.o
 .debug_macro   0x000257ae       0x34 ./Core/Src/main.o
 .debug_macro   0x000257e2       0x10 ./Core/Src/main.o
 .debug_macro   0x000257f2       0x58 ./Core/Src/main.o
 .debug_macro   0x0002584a       0x8e ./Core/Src/main.o
 .debug_macro   0x000258d8       0x1c ./Core/Src/main.o
 .debug_macro   0x000258f4      0x177 ./Core/Src/main.o
 .debug_macro   0x00025a6b      0x369 ./Core/Src/main.o
 .debug_macro   0x00025dd4       0x10 ./Core/Src/main.o
 .debug_macro   0x00025de4       0x35 ./Core/Src/main.o
 .debug_macro   0x00025e19       0x20 ./Core/Src/main.o
 .debug_macro   0x00025e39      0x19b ./Core/Src/main.o
 .debug_macro   0x00025fd4      0x201 ./Core/Src/main.o
 .debug_macro   0x000261d5       0xc8 ./Core/Src/main.o
 .debug_macro   0x0002629d       0x16 ./Core/Src/main.o
 .debug_macro   0x000262b3       0x16 ./Core/Src/main.o
 .debug_macro   0x000262c9       0x29 ./Core/Src/main.o
 .debug_macro   0x000262f2       0x16 ./Core/Src/main.o
 .debug_macro   0x00026308      0x1d0 ./Core/Src/stm32l4xx_hal_msp.o
 .debug_macro   0x000264d8      0x242 ./Core/Src/stm32l4xx_it.o
 .debug_macro   0x0002671a      0x1c1 ./Core/Src/system_stm32l4xx.o
 .debug_macro   0x000268db      0x1d5 ./Core/Src/uart.o
 .debug_macro   0x00026ab0       0x16 ./Core/Src/uart.o
 .debug_macro   0x00026ac6       0x9e ./Core/Src/uart.o
 .debug_macro   0x00026b64      0x10b ./Core/Src/uart.o
 .debug_macro   0x00026c6f       0x16 ./Core/Src/uart.o
 .debug_macro   0x00026c85       0x16 ./Core/Src/uart.o
 .debug_macro   0x00026c9b       0xc9 ./Core/Src/user_button.o
 .debug_macro   0x00026d64      0x20f ./Drivers/STM32L4xx_HAL_Driver/stm32l4xx_hal.o
 .debug_macro   0x00026f73      0x1c1 ./Drivers/STM32L4xx_HAL_Driver/stm32l4xx_hal_cortex.o
 .debug_macro   0x00027134      0x1c1 ./Drivers/STM32L4xx_HAL_Driver/stm32l4xx_hal_dma.o
 .debug_macro   0x000272f5      0x1c8 ./Drivers/STM32L4xx_HAL_Driver/stm32l4xx_hal_gpio.o
 .debug_macro   0x000274bd      0x1e5 ./Drivers/STM32L4xx_HAL_Driver/stm32l4xx_hal_pwr_ex.o
 .debug_macro   0x000276a2      0x203 ./Drivers/STM32L4xx_HAL_Driver/stm32l4xx_hal_rcc.o
 .debug_macro   0x000278a5      0x1c9 ./Drivers/STM32L4xx_HAL_Driver/stm32l4xx_hal_spi.o
 .debug_macro   0x00027a6e      0x1c2 ./Drivers/STM32L4xx_HAL_Driver/stm32l4xx_hal_tim.o
 .debug_macro   0x00027c30      0x1c1 ./Drivers/STM32L4xx_HAL_Driver/stm32l4xx_hal_tim_ex.o
 .debug_macro   0x00027df1      0x1ae ./Middlewares/FreeRTOS/heap_4.o
 .debug_macro   0x00027f9f      0x187 ./Middlewares/FreeRTOS/list.o
 .debug_macro   0x00028126      0x196 ./Middlewares/FreeRTOS/port.o
 .debug_macro   0x000282bc      0x216 ./Middlewares/FreeRTOS/queue.o
 .debug_macro   0x000284d2       0x87 ./Middlewares/FreeRTOS/queue.o
 .debug_macro   0x00028559      0x279 ./Middlewares/FreeRTOS/tasks.o
 .debug_macro   0x000287d2       0x10 ./Middlewares/FreeRTOS/tasks.o

.debug_line     0x00000000    0x165de
 .debug_line    0x00000000      0x600 ./Core/Src/32x32.o
 .debug_line    0x00000600      0x949 ./Core/Src/freertos.o
 .debug_line    0x00000f49     0x125f ./Core/Src/main.o
 .debug_line    0x000021a8      0x885 ./Core/Src/stm32l4xx_hal_msp.o
 .debug_line    0x00002a2d      0x99d ./Core/Src/stm32l4xx_it.o
 .debug_line    0x000033ca      0x86d ./Core/Src/system_stm32l4xx.o
 .debug_line    0x00003c37      0x804 ./Core/Src/uart.o
 .debug_line    0x0000443b      0x56c ./Core/Src/user_button.o
 .debug_line    0x000049a7       0x7a ./Core/Startup/startup_stm32l476rgtx.o
 .debug_line    0x00004a21      0xc04 ./Drivers/STM32L4xx_HAL_Driver/stm32l4xx_hal.o
 .debug_line    0x00005625      0xda3 ./Drivers/STM32L4xx_HAL_Driver/stm32l4xx_hal_cortex.o
 .debug_line    0x000063c8      0xe09 ./Drivers/STM32L4xx_HAL_Driver/stm32l4xx_hal_dma.o
 .debug_line    0x000071d1      0xc90 ./Drivers/STM32L4xx_HAL_Driver/stm32l4xx_hal_gpio.o
 .debug_line    0x00007e61      0xdf6 ./Drivers/STM32L4xx_HAL_Driver/stm32l4xx_hal_pwr_ex.o
 .debug_line    0x00008c57     0x107b ./Drivers/STM32L4xx_HAL_Driver/stm32l4xx_hal_rcc.o
 .debug_line    0x00009cd2     0x20b6 ./Drivers/STM32L4xx_HAL_Driver/stm32l4xx_hal_spi.o
 .debug_line    0x0000bd88     0x3efc ./Drivers/STM32L4xx_HAL_Driver/stm32l4xx_hal_tim.o
 .debug_line    0x0000fc84     0x1d0d ./Drivers/STM32L4xx_HAL_Driver/stm32l4xx_hal_tim_ex.o
 .debug_line    0x00011991      0xa0e ./Middlewares/FreeRTOS/heap_4.o
 .debug_line    0x0001239f      0x7e3 ./Middlewares/FreeRTOS/list.o
 .debug_line    0x00012b82      0x962 ./Middlewares/FreeRTOS/port.o
 .debug_line    0x000134e4     0x160e ./Middlewares/FreeRTOS/queue.o
 .debug_line    0x00014af2     0x1aec ./Middlewares/FreeRTOS/tasks.o

.debug_str      0x00000000    0xf91c9
 .debug_str     0x00000000    0x9e12a ./Core/Src/32x32.o
                              0x9e2df (size before relaxing)
 .debug_str     0x0009e12a    0x4d240 ./Core/Src/freertos.o
                              0xeb56b (size before relaxing)
 .debug_str     0x000eb36a     0x7b6a ./Core/Src/main.o
                              0xf3311 (size before relaxing)
 .debug_str     0x000f2ed4       0xb0 ./Core/Src/stm32l4xx_hal_msp.o
                              0xe8551 (size before relaxing)
 .debug_str     0x000f2f84       0xaf ./Core/Src/stm32l4xx_it.o
                              0xebbd1 (size before relaxing)
 .debug_str     0x000f3033       0xf2 ./Core/Src/system_stm32l4xx.o
                              0xe779d (size before relaxing)
 .debug_str     0x000f3125      0x6af ./Core/Src/uart.o
                              0xa2458 (size before relaxing)
 .debug_str     0x000f37d4       0x57 ./Core/Src/user_button.o
                              0x9e969 (size before relaxing)
 .debug_str     0x000f382b       0x44 ./Core/Startup/startup_stm32l476rgtx.o
                                 0x7f (size before relaxing)
 .debug_str     0x000f386f      0x655 ./Drivers/STM32L4xx_HAL_Driver/stm32l4xx_hal.o
                              0xe836c (size before relaxing)
 .debug_str     0x000f3ec4      0x327 ./Drivers/STM32L4xx_HAL_Driver/stm32l4xx_hal_cortex.o
                              0xe8020 (size before relaxing)
 .debug_str     0x000f41eb      0x265 ./Drivers/STM32L4xx_HAL_Driver/stm32l4xx_hal_dma.o
                              0xe7a43 (size before relaxing)
 .debug_str     0x000f4450      0x118 ./Drivers/STM32L4xx_HAL_Driver/stm32l4xx_hal_gpio.o
                              0xe7952 (size before relaxing)
 .debug_str     0x000f4568      0x51f ./Drivers/STM32L4xx_HAL_Driver/stm32l4xx_hal_pwr_ex.o
                              0xe7d34 (size before relaxing)
 .debug_str     0x000f4a87      0x3e8 ./Drivers/STM32L4xx_HAL_Driver/stm32l4xx_hal_rcc.o
                              0xe7e1f (size before relaxing)
 .debug_str     0x000f4e6f      0x585 ./Drivers/STM32L4xx_HAL_Driver/stm32l4xx_hal_spi.o
                              0xe7ffa (size before relaxing)
 .debug_str     0x000f53f4      0xe16 ./Drivers/STM32L4xx_HAL_Driver/stm32l4xx_hal_tim.o
                              0xe8b19 (size before relaxing)
 .debug_str     0x000f620a      0x5c4 ./Drivers/STM32L4xx_HAL_Driver/stm32l4xx_hal_tim_ex.o
                              0xe842d (size before relaxing)
 .debug_str     0x000f67ce      0x437 ./Middlewares/FreeRTOS/heap_4.o
                               0xb467 (size before relaxing)
 .debug_str     0x000f6c05      0x15e ./Middlewares/FreeRTOS/list.o
                               0xab25 (size before relaxing)
 .debug_str     0x000f6d63      0x9e5 ./Middlewares/FreeRTOS/port.o
                               0x88c6 (size before relaxing)
 .debug_str     0x000f7748      0x9c3 ./Middlewares/FreeRTOS/queue.o
                               0xc514 (size before relaxing)
 .debug_str     0x000f810b     0x10be ./Middlewares/FreeRTOS/tasks.o
                               0xcf9d (size before relaxing)

.comment        0x00000000       0x43
 .comment       0x00000000       0x43 ./Core/Src/32x32.o
                                 0x44 (size before relaxing)
 .comment       0x00000043       0x44 ./Core/Src/freertos.o
 .comment       0x00000043       0x44 ./Core/Src/main.o
 .comment       0x00000043       0x44 ./Core/Src/stm32l4xx_hal_msp.o
 .comment       0x00000043       0x44 ./Core/Src/stm32l4xx_it.o
 .comment       0x00000043       0x44 ./Core/Src/system_stm32l4xx.o
 .comment       0x00000043       0x44 ./Core/Src/uart.o
 .comment       0x00000043       0x44 ./Core/Src/user_button.o
 .comment       0x00000043       0x44 ./Drivers/STM32L4xx_HAL_Driver/stm32l4xx_hal.o
 .comment       0x00000043       0x44 ./Drivers/STM32L4xx_HAL_Driver/stm32l4xx_hal_cortex.o
 .comment       0x00000043       0x44 ./Drivers/STM32L4xx_HAL_Driver/stm32l4xx_hal_dma.o
 .comment       0x00000043       0x44 ./Drivers/STM32L4xx_HAL_Driver/stm32l4xx_hal_gpio.o
 .comment       0x00000043       0x44 ./Drivers/STM32L4xx_HAL_Driver/stm32l4xx_hal_pwr_ex.o
 .comment       0x00000043       0x44 ./Drivers/STM32L4xx_HAL_Driver/stm32l4xx_hal_rcc.o
 .comment       0x00000043       0x44 ./Drivers/STM32L4xx_HAL_Driver/stm32l4xx_hal_spi.o
 .comment       0x00000043       0x44 ./Drivers/STM32L4xx_HAL_Driver/stm32l4xx_hal_tim.o
 .comment       0x00000043       0x44 ./Drivers/STM32L4xx_HAL_Driver/stm32l4xx_hal_tim_ex.o
 .comment       0x00000043       0x44 ./Middlewares/FreeRTOS/heap_4.o
 .comment       0x00000043       0x44 ./Middlewares/FreeRTOS/list.o
 .comment       0x00000043       0x44 ./Middlewares/FreeRTOS/port.o
 .comment       0x00000043       0x44 ./Middlewares/FreeRTOS/queue.o
 .comment       0x00000043       0x44 ./Middlewares/FreeRTOS/tasks.o

.debug_frame    0x00000000     0x4c54
 .debug_frame   0x00000000       0xb0 ./Core/Src/32x32.o
 .debug_frame   0x000000b0       0x38 ./Core/Src/freertos.o
 .debug_frame   0x000000e8      0x288 ./Core/Src/main.o
 .debug_frame   0x00000370       0xc4 ./Core/Src/stm32l4xx_hal_msp.o
 .debug_frame   0x00000434       0x84 ./Core/Src/stm32l4xx_it.o
 .debug_frame   0x000004b8       0x58 ./Core/Src/system_stm32l4xx.o
 .debug_frame   0x00000510       0xbc ./Core/Src/uart.o
 .debug_frame   0x000005cc       0x54 ./Core/Src/user_button.o
 .debug_frame   0x00000620      0x498 ./Drivers/STM32L4xx_HAL_Driver/stm32l4xx_hal.o
 .debug_frame   0x00000ab8      0x498 ./Drivers/STM32L4xx_HAL_Driver/stm32l4xx_hal_cortex.o
 .debug_frame   0x00000f50      0x204 ./Drivers/STM32L4xx_HAL_Driver/stm32l4xx_hal_dma.o
 .debug_frame   0x00001154      0x14c ./Drivers/STM32L4xx_HAL_Driver/stm32l4xx_hal_gpio.o
 .debug_frame   0x000012a0      0x584 ./Drivers/STM32L4xx_HAL_Driver/stm32l4xx_hal_pwr_ex.o
 .debug_frame   0x00001824      0x21c ./Drivers/STM32L4xx_HAL_Driver/stm32l4xx_hal_rcc.o
 .debug_frame   0x00001a40      0x860 ./Drivers/STM32L4xx_HAL_Driver/stm32l4xx_hal_spi.o
 .debug_frame   0x000022a0     0x1218 ./Drivers/STM32L4xx_HAL_Driver/stm32l4xx_hal_tim.o
 .debug_frame   0x000034b8      0x6b0 ./Drivers/STM32L4xx_HAL_Driver/stm32l4xx_hal_tim_ex.o
 .debug_frame   0x00003b68      0x12c ./Middlewares/FreeRTOS/heap_4.o
 .debug_frame   0x00003c94       0xd8 ./Middlewares/FreeRTOS/list.o
 .debug_frame   0x00003d6c      0x1cc ./Middlewares/FreeRTOS/port.o
 .debug_frame   0x00003f38      0x4b4 ./Middlewares/FreeRTOS/queue.o
 .debug_frame   0x000043ec      0x7f4 ./Middlewares/FreeRTOS/tasks.o
 .debug_frame   0x00004be0       0x20 /Applications/STM32CubeIDE.app/Contents/Eclipse/plugins/com.st.stm32cube.ide.mcu.externaltools.gnu-tools-for-stm32.12.3.rel1.macos64_1.0.100.202403111906/tools/bin/../lib/gcc/arm-none-eabi/12.3.1/../../../../arm-none-eabi/lib/thumb/v7e-m+fp/hard/libc_nano.a(libc_a-memset.o)
 .debug_frame   0x00004c00       0x2c /Applications/STM32CubeIDE.app/Contents/Eclipse/plugins/com.st.stm32cube.ide.mcu.externaltools.gnu-tools-for-stm32.12.3.rel1.macos64_1.0.100.202403111906/tools/bin/../lib/gcc/arm-none-eabi/12.3.1/../../../../arm-none-eabi/lib/thumb/v7e-m+fp/hard/libc_nano.a(libc_a-init.o)
 .debug_frame   0x00004c2c       0x28 /Applications/STM32CubeIDE.app/Contents/Eclipse/plugins/com.st.stm32cube.ide.mcu.externaltools.gnu-tools-for-stm32.12.3.rel1.macos64_1.0.100.202403111906/tools/bin/../lib/gcc/arm-none-eabi/12.3.1/../../../../arm-none-eabi/lib/thumb/v7e-m+fp/hard/libc_nano.a(libc_a-memcpy-stub.o)

.debug_line_str
                0x00000000       0x63
 .debug_line_str
                0x00000000       0x63 ./Core/Startup/startup_stm32l476rgtx.o
