../Core/Src/main.c:133:5:main	40	static
../Core/Src/main.c:234:6:SystemClock_Config	96	static
../Core/Src/main.c:286:13:MX_SPI1_Init	8	static
../Core/Src/main.c:326:13:MX_TIM3_Init	40	static
../Core/Src/main.c:369:13:MX_DMA_Init	16	static
../Core/Src/main.c:387:13:MX_GPIO_Init	40	static
../Core/Src/main.c:448:6:HAL_SPI_TxCpltCallback	16	static,ignoring_inline_asm
../Core/Src/main.c:479:10:bitline	40	static
../Core/Src/main.c:502:6:HAL_TIM_PeriodElapsedCallback	24	static,ignoring_inline_asm
../Core/Src/main.c:521:6:WriteLEDTask	64	static
../Core/Src/main.c:580:6:vSyncTask	24	static
../Core/Src/main.c:610:6:power_off	8	static
../Core/Src/main.c:618:6:power_on	8	static
../Core/Src/main.c:625:6:EXTI15_10_IRQHandler	8	static
../Core/Src/main.c:642:6:USART2_IRQHandler	16	static
../Core/Src/main.c:664:6:vApplicationIdleHook	8	static
../Core/Src/main.c:668:6:write_matrix	56	static
../Core/Src/main.c:684:6:Onboard_LED_Init	4	static
../Core/Src/main.c:701:6:Error_Handler	4	static,ignoring_inline_asm
